Archive member included to satisfy reference by file (symbol)

c:/program files (x86)/atmel/studio/7.0/toolchain/arm/arm-gnu-toolchain/bin/../lib/gcc/arm-none-eabi/6.3.1/thumb/v7e-m\libgcc.a(_arm_addsubdf3.o)
                              hpl/sercom/hpl_sercom.o (__aeabi_dsub)
c:/program files (x86)/atmel/studio/7.0/toolchain/arm/arm-gnu-toolchain/bin/../lib/gcc/arm-none-eabi/6.3.1/thumb/v7e-m\libgcc.a(_arm_muldivdf3.o)
                              hpl/sercom/hpl_sercom.o (__aeabi_dmul)
c:/program files (x86)/atmel/studio/7.0/toolchain/arm/arm-gnu-toolchain/bin/../lib/gcc/arm-none-eabi/6.3.1/thumb/v7e-m\libgcc.a(_arm_fixunsdfsi.o)
                              hpl/sercom/hpl_sercom.o (__aeabi_d2uiz)
c:/program files (x86)/atmel/studio/7.0/toolchain/arm/arm-gnu-toolchain/bin/../lib/gcc/arm-none-eabi/6.3.1/thumb/v7e-m\libgcc.a(_aeabi_uldivmod.o)
                              hpl/sercom/hpl_sercom.o (__aeabi_uldivmod)
c:/program files (x86)/atmel/studio/7.0/toolchain/arm/arm-gnu-toolchain/bin/../lib/gcc/arm-none-eabi/6.3.1/thumb/v7e-m\libgcc.a(_udivmoddi4.o)
                              c:/program files (x86)/atmel/studio/7.0/toolchain/arm/arm-gnu-toolchain/bin/../lib/gcc/arm-none-eabi/6.3.1/thumb/v7e-m\libgcc.a(_aeabi_uldivmod.o) (__udivmoddi4)
c:/program files (x86)/atmel/studio/7.0/toolchain/arm/arm-gnu-toolchain/bin/../lib/gcc/arm-none-eabi/6.3.1/thumb/v7e-m\libgcc.a(_dvmd_tls.o)
                              c:/program files (x86)/atmel/studio/7.0/toolchain/arm/arm-gnu-toolchain/bin/../lib/gcc/arm-none-eabi/6.3.1/thumb/v7e-m\libgcc.a(_aeabi_uldivmod.o) (__aeabi_ldiv0)
c:/program files (x86)/atmel/studio/7.0/toolchain/arm/arm-gnu-toolchain/bin/../lib/gcc/arm-none-eabi/6.3.1/../../../../arm-none-eabi/lib/thumb/v7e-m\libc_nano.a(lib_a-exit.o)
                              c:/program files (x86)/atmel/studio/7.0/toolchain/arm/arm-gnu-toolchain/bin/../lib/gcc/arm-none-eabi/6.3.1/../../../../arm-none-eabi/lib/thumb/v7e-m/crt0.o (exit)
c:/program files (x86)/atmel/studio/7.0/toolchain/arm/arm-gnu-toolchain/bin/../lib/gcc/arm-none-eabi/6.3.1/../../../../arm-none-eabi/lib/thumb/v7e-m\libc_nano.a(lib_a-impure.o)
                              c:/program files (x86)/atmel/studio/7.0/toolchain/arm/arm-gnu-toolchain/bin/../lib/gcc/arm-none-eabi/6.3.1/../../../../arm-none-eabi/lib/thumb/v7e-m\libc_nano.a(lib_a-exit.o) (_global_impure_ptr)
c:/program files (x86)/atmel/studio/7.0/toolchain/arm/arm-gnu-toolchain/bin/../lib/gcc/arm-none-eabi/6.3.1/../../../../arm-none-eabi/lib/thumb/v7e-m\libc_nano.a(lib_a-init.o)
                              c:/program files (x86)/atmel/studio/7.0/toolchain/arm/arm-gnu-toolchain/bin/../lib/gcc/arm-none-eabi/6.3.1/../../../../arm-none-eabi/lib/thumb/v7e-m/crt0.o (__libc_init_array)
c:/program files (x86)/atmel/studio/7.0/toolchain/arm/arm-gnu-toolchain/bin/../lib/gcc/arm-none-eabi/6.3.1/../../../../arm-none-eabi/lib/thumb/v7e-m\libc_nano.a(lib_a-memcmp.o)
                              lwip/lwip-1.4.0/src/netif/etharp.o (memcmp)
c:/program files (x86)/atmel/studio/7.0/toolchain/arm/arm-gnu-toolchain/bin/../lib/gcc/arm-none-eabi/6.3.1/../../../../arm-none-eabi/lib/thumb/v7e-m\libc_nano.a(lib_a-memcpy-stub.o)
                              hpl/gmac/hpl_gmac.o (memcpy)
c:/program files (x86)/atmel/studio/7.0/toolchain/arm/arm-gnu-toolchain/bin/../lib/gcc/arm-none-eabi/6.3.1/../../../../arm-none-eabi/lib/thumb/v7e-m\libc_nano.a(lib_a-memset.o)
                              c:/program files (x86)/atmel/studio/7.0/toolchain/arm/arm-gnu-toolchain/bin/../lib/gcc/arm-none-eabi/6.3.1/../../../../arm-none-eabi/lib/thumb/v7e-m/crt0.o (memset)
c:/program files (x86)/atmel/studio/7.0/toolchain/arm/arm-gnu-toolchain/bin/../lib/gcc/arm-none-eabi/6.3.1/../../../../arm-none-eabi/lib/thumb/v7e-m\libc_nano.a(lib_a-printf.o)
                              hal/utils/src/utils_syscalls.o (printf)
c:/program files (x86)/atmel/studio/7.0/toolchain/arm/arm-gnu-toolchain/bin/../lib/gcc/arm-none-eabi/6.3.1/../../../../arm-none-eabi/lib/thumb/v7e-m\libc_nano.a(lib_a-puts.o)
                              lwip/lwip-1.4.0/src/core/dhcp.o (puts)
c:/program files (x86)/atmel/studio/7.0/toolchain/arm/arm-gnu-toolchain/bin/../lib/gcc/arm-none-eabi/6.3.1/../../../../arm-none-eabi/lib/thumb/v7e-m\libc_nano.a(lib_a-setbuf.o)
                              stdio_redirect/stdio_io.o (setbuf)
c:/program files (x86)/atmel/studio/7.0/toolchain/arm/arm-gnu-toolchain/bin/../lib/gcc/arm-none-eabi/6.3.1/../../../../arm-none-eabi/lib/thumb/v7e-m\libc_nano.a(lib_a-setvbuf.o)
                              c:/program files (x86)/atmel/studio/7.0/toolchain/arm/arm-gnu-toolchain/bin/../lib/gcc/arm-none-eabi/6.3.1/../../../../arm-none-eabi/lib/thumb/v7e-m\libc_nano.a(lib_a-setbuf.o) (setvbuf)
c:/program files (x86)/atmel/studio/7.0/toolchain/arm/arm-gnu-toolchain/bin/../lib/gcc/arm-none-eabi/6.3.1/../../../../arm-none-eabi/lib/thumb/v7e-m\libc_nano.a(lib_a-strcpy.o)
                              main.o (strcpy)
[...]
Memory Configuration

Name             Origin             Length             Attributes
rom              0x00000000         0x00100000         xr
ram              0x20000000         0x00040000         xrw
bkupram          0x47000000         0x00002000         xrw
qspi             0x04000000         0x01000000         xrw
*default*        0x00000000         0xffffffff

Linker script and memory map

LOAD c:/program files (x86)/atmel/studio/7.0/toolchain/arm/arm-gnu-toolchain/bin/../lib/gcc/arm-none-eabi/6.3.1/thumb/v7e-m/crti.o
LOAD c:/program files (x86)/atmel/studio/7.0/toolchain/arm/arm-gnu-toolchain/bin/../lib/gcc/arm-none-eabi/6.3.1/thumb/v7e-m/crtbegin.o
LOAD c:/program files (x86)/atmel/studio/7.0/toolchain/arm/arm-gnu-toolchain/bin/../lib/gcc/arm-none-eabi/6.3.1/../../../../arm-none-eabi/lib/thumb/v7e-m/crt0.o
LOAD atmel_start.o
LOAD Device_Startup/startup_same53.o
LOAD Device_Startup/system_same53.o
LOAD driver_init.o
LOAD ethernet_phy/ethernet_phy.o
LOAD ethernet_phy_main.o
LOAD eth_ipstack_main.o
LOAD examples/driver_examples.o
LOAD hal/src/hal_atomic.o
LOAD hal/src/hal_cache.o
LOAD hal/src/hal_delay.o
LOAD hal/src/hal_gpio.o
LOAD hal/src/hal_i2c_m_sync.o
LOAD hal/src/hal_init.o
LOAD hal/src/hal_io.o
LOAD hal/src/hal_mac_async.o
LOAD hal/src/hal_sleep.o
LOAD hal/src/hal_timer.o
LOAD hal/src/hal_usart_async.o
LOAD hal/src/hal_usart_sync.o
LOAD hal/utils/src/utils_assert.o
LOAD hal/utils/src/utils_event.o
LOAD hal/utils/src/utils_list.o
LOAD hal/utils/src/utils_ringbuffer.o
LOAD hal/utils/src/utils_syscalls.o
LOAD hpl/cmcc/hpl_cmcc.o
LOAD hpl/core/hpl_core_m4.o
LOAD hpl/core/hpl_init.o
LOAD hpl/dmac/hpl_dmac.o
LOAD hpl/gclk/hpl_gclk.o
LOAD hpl/gmac/hpl_gmac.o
LOAD hpl/mclk/hpl_mclk.o
LOAD hpl/osc32kctrl/hpl_osc32kctrl.o
LOAD hpl/oscctrl/hpl_oscctrl.o
LOAD hpl/pm/hpl_pm.o
LOAD hpl/ramecc/hpl_ramecc.o
LOAD hpl/sercom/hpl_sercom.o
LOAD hpl/tc/hpl_tc.o
LOAD lwip/lwip-1.4.0/port/ethif_mac.o
LOAD lwip/lwip-1.4.0/src/api/api_lib.o
LOAD lwip/lwip-1.4.0/src/api/api_msg.o
LOAD lwip/lwip-1.4.0/src/api/err.o
LOAD lwip/lwip-1.4.0/src/api/netbuf.o
LOAD lwip/lwip-1.4.0/src/api/netdb.o
LOAD lwip/lwip-1.4.0/src/api/netifapi.o
LOAD lwip/lwip-1.4.0/src/api/sockets.o
LOAD lwip/lwip-1.4.0/src/api/tcpip.o
LOAD lwip/lwip-1.4.0/src/core/def.o
LOAD lwip/lwip-1.4.0/src/core/dhcp.o
LOAD lwip/lwip-1.4.0/src/core/dns.o
LOAD lwip/lwip-1.4.0/src/core/init.o
LOAD lwip/lwip-1.4.0/src/core/ipv4/autoip.o
LOAD lwip/lwip-1.4.0/src/core/ipv4/icmp.o
LOAD lwip/lwip-1.4.0/src/core/ipv4/igmp.o
LOAD lwip/lwip-1.4.0/src/core/ipv4/inet.o
LOAD lwip/lwip-1.4.0/src/core/ipv4/inet_chksum.o
LOAD lwip/lwip-1.4.0/src/core/ipv4/ip.o
LOAD lwip/lwip-1.4.0/src/core/ipv4/ip_addr.o
LOAD lwip/lwip-1.4.0/src/core/ipv4/ip_frag.o
LOAD lwip/lwip-1.4.0/src/core/mem.o
LOAD lwip/lwip-1.4.0/src/core/memp.o
LOAD lwip/lwip-1.4.0/src/core/netif.o
LOAD lwip/lwip-1.4.0/src/core/pbuf.o
LOAD lwip/lwip-1.4.0/src/core/raw.o
LOAD lwip/lwip-1.4.0/src/core/snmp/asn1_dec.o
LOAD lwip/lwip-1.4.0/src/core/snmp/asn1_enc.o
LOAD lwip/lwip-1.4.0/src/core/snmp/mib2.o
LOAD lwip/lwip-1.4.0/src/core/snmp/mib_structs.o
LOAD lwip/lwip-1.4.0/src/core/snmp/msg_in.o
LOAD lwip/lwip-1.4.0/src/core/snmp/msg_out.o
LOAD lwip/lwip-1.4.0/src/core/stats.o
LOAD lwip/lwip-1.4.0/src/core/sys.o
LOAD lwip/lwip-1.4.0/src/core/tcp.o
LOAD lwip/lwip-1.4.0/src/core/tcp_in.o
LOAD lwip/lwip-1.4.0/src/core/tcp_out.o
LOAD lwip/lwip-1.4.0/src/core/timers.o
LOAD lwip/lwip-1.4.0/src/core/udp.o
LOAD lwip/lwip-1.4.0/src/netif/etharp.o
LOAD lwip/lwip-1.4.0/src/netif/ppp/auth.o
LOAD lwip/lwip-1.4.0/src/netif/ppp/chap.o
LOAD lwip/lwip-1.4.0/src/netif/ppp/chpms.o
LOAD lwip/lwip-1.4.0/src/netif/ppp/fsm.o
LOAD lwip/lwip-1.4.0/src/netif/ppp/ipcp.o
LOAD lwip/lwip-1.4.0/src/netif/ppp/lcp.o
LOAD lwip/lwip-1.4.0/src/netif/ppp/magic.o
LOAD lwip/lwip-1.4.0/src/netif/ppp/md5.o
LOAD lwip/lwip-1.4.0/src/netif/ppp/pap.o
LOAD lwip/lwip-1.4.0/src/netif/ppp/ppp.o
LOAD lwip/lwip-1.4.0/src/netif/ppp/ppp_oe.o
LOAD lwip/lwip-1.4.0/src/netif/ppp/randm.o
LOAD lwip/lwip-1.4.0/src/netif/ppp/vj.o
LOAD lwip/lwip-1.4.0/src/netif/slipif.o
LOAD main.o
LOAD stdio_redirect/gcc/read.o
LOAD stdio_redirect/gcc/write.o
LOAD stdio_redirect/stdio_io.o
LOAD stdio_start.o
LOAD udpserver.o
START GROUP
LOAD c:/program files (x86)/atmel/studio/7.0/toolchain/arm/arm-gnu-toolchain/bin/../lib/gcc/arm-none-eabi/6.3.1/../../../../arm-none-eabi/lib/thumb/v7e-m\libm.a
END GROUP
START GROUP
LOAD c:/program files (x86)/atmel/studio/7.0/toolchain/arm/arm-gnu-toolchain/bin/../lib/gcc/arm-none-eabi/6.3.1/thumb/v7e-m\libgcc.a
LOAD c:/program files (x86)/atmel/studio/7.0/toolchain/arm/arm-gnu-toolchain/bin/../lib/gcc/arm-none-eabi/6.3.1/../../../../arm-none-eabi/lib/thumb/v7e-m\libc_nano.a
END GROUP
START GROUP
LOAD c:/program files (x86)/atmel/studio/7.0/toolchain/arm/arm-gnu-toolchain/bin/../lib/gcc/arm-none-eabi/6.3.1/thumb/v7e-m\libgcc.a
LOAD c:/program files (x86)/atmel/studio/7.0/toolchain/arm/arm-gnu-toolchain/bin/../lib/gcc/arm-none-eabi/6.3.1/../../../../arm-none-eabi/lib/thumb/v7e-m\libc_nano.a
END GROUP
LOAD c:/program files (x86)/atmel/studio/7.0/toolchain/arm/arm-gnu-toolchain/bin/../lib/gcc/arm-none-eabi/6.3.1/thumb/v7e-m/crtend.o
LOAD c:/program files (x86)/atmel/studio/7.0/toolchain/arm/arm-gnu-toolchain/bin/../lib/gcc/arm-none-eabi/6.3.1/thumb/v7e-m/crtn.o
                0x00010000                STACK_SIZE = DEFINED (STACK_SIZE)?STACK_SIZE:DEFINED (__stack_size__)?__stack_size__:0x10000

.text           0x00000000     0xaabc
                0x00000000                . = ALIGN (0x4)
                0x00000000                _sfixed = .
 *(.vectors .vectors.*)
 .vectors       0x00000000      0x264 Device_Startup/startup_same53.o
                0x00000000                exception_table
 *(.text .text.* .gnu.linkonce.t.*)
 .text          0x00000264       0x6c c:/program files (x86)/atmel/studio/7.0/toolchain/arm/arm-gnu-toolchain/bin/../lib/gcc/arm-none-eabi/6.3.1/thumb/v7e-m/crtbegin.o
 .text.atmel_start_init
                0x000002d0       0x20 atmel_start.o
                0x000002d0                atmel_start_init
 .text.Dummy_Handler
                0x000002f0        0x2 Device_Startup/startup_same53.o
                0x000002f0                EIC_5_Handler
                0x000002f0                SVCall_Handler
                0x000002f0                EIC_13_Handler
                0x000002f0                EVSYS_0_Handler
                0x000002f0                TCC1_3_Handler
                0x000002f0                DAC_3_Handler
                0x000002f0                TRNG_Handler
                0x000002f0                HardFault_Handler
                0x000002f0                TC2_Handler
                0x000002f0                PDEC_2_Handler
                0x000002f0                EIC_4_Handler
                0x000002f0                AC_Handler
                0x000002f0                SERCOM3_1_Handler
                0x000002f0                TCC2_3_Handler
                0x000002f0                SERCOM3_2_Handler
                0x000002f0                PendSV_Handler
                0x000002f0                TC7_Handler
                0x000002f0                ADC1_1_Handler
                0x000002f0                EVSYS_3_Handler
                0x000002f0                PDEC_0_Handler
                0x000002f0                QSPI_Handler
                0x000002f0                NonMaskableInt_Handler
                0x000002f0                TCC0_0_Handler
                0x000002f0                EIC_3_Handler
                0x000002f0                MemManagement_Handler
                0x000002f0                DAC_2_Handler
                0x000002f0                RTC_Handler
                0x000002f0                UsageFault_Handler
                0x000002f0                SERCOM4_0_Handler
                0x000002f0                EIC_10_Handler
                0x000002f0                EIC_11_Handler
                0x000002f0                EIC_9_Handler
                0x000002f0                OSC32KCTRL_Handler
                0x000002f0                TCC2_1_Handler
                0x000002f0                SUPC_1_Handler
                0x000002f0                TCC0_5_Handler
                0x000002f0                TCC0_6_Handler
                0x000002f0                SERCOM6_2_Handler
                0x000002f0                EVSYS_1_Handler
                0x000002f0                TCC1_4_Handler
                0x000002f0                TC6_Handler
                0x000002f0                DMAC_0_Handler
                0x000002f0                WDT_Handler
                0x000002f0                EIC_8_Handler
                0x000002f0                EIC_15_Handler
                0x000002f0                SERCOM6_0_Handler
                0x000002f0                SERCOM5_0_Handler
                0x000002f0                TC4_Handler
                0x000002f0                TC1_Handler
                0x000002f0                OSCCTRL_4_Handler
                0x000002f0                SERCOM4_3_Handler
                0x000002f0                EIC_12_Handler
                0x000002f0                DMAC_4_Handler
                0x000002f0                TCC4_2_Handler
                0x000002f0                PAC_Handler
                0x000002f0                TCC1_0_Handler
                0x000002f0                USB_0_Handler
                0x000002f0                OSCCTRL_0_Handler
                0x000002f0                EIC_0_Handler
                0x000002f0                OSCCTRL_3_Handler
                0x000002f0                SERCOM4_1_Handler
                0x000002f0                TC3_Handler
                0x000002f0                Dummy_Handler
                0x000002f0                TCC3_0_Handler
                0x000002f0                TCC2_2_Handler
                0x000002f0                SERCOM5_1_Handler
                0x000002f0                TCC1_1_Handler
                0x000002f0                DMAC_2_Handler
                0x000002f0                ADC0_0_Handler
                0x000002f0                OSCCTRL_2_Handler
                0x000002f0                ADC1_0_Handler
                0x000002f0                TCC1_2_Handler
                0x000002f0                SERCOM7_1_Handler
                0x000002f0                USB_1_Handler
                0x000002f0                PM_Handler
                0x000002f0                SERCOM6_3_Handler
                0x000002f0                SERCOM2_3_Handler
                0x000002f0                DAC_4_Handler
                0x000002f0                TCC3_2_Handler
                0x000002f0                SERCOM7_0_Handler
                0x000002f0                TCC0_2_Handler
                0x000002f0                DMAC_1_Handler
                0x000002f0                TCC4_0_Handler
                0x000002f0                SERCOM7_3_Handler
                0x000002f0                SDHC1_Handler
                0x000002f0                USB_3_Handler
                0x000002f0                SERCOM7_2_Handler
                0x000002f0                TCC2_0_Handler
                0x000002f0                PDEC_1_Handler
                0x000002f0                TCC4_1_Handler
                0x000002f0                SERCOM5_3_Handler
                0x000002f0                USB_2_Handler
                0x000002f0                SERCOM6_1_Handler
                0x000002f0                SDHC0_Handler
                0x000002f0                SERCOM1_1_Handler
                0x000002f0                I2S_Handler
                0x000002f0                EIC_2_Handler
                0x000002f0                PCC_Handler
                0x000002f0                DAC_0_Handler
                0x000002f0                TCC0_1_Handler
                0x000002f0                SERCOM1_3_Handler
                0x000002f0                EIC_6_Handler
                0x000002f0                OSCCTRL_1_Handler
                0x000002f0                SERCOM1_0_Handler
                0x000002f0                PUKCC_Handler
                0x000002f0                SERCOM2_1_Handler
                0x000002f0                SERCOM1_2_Handler
                0x000002f0                SERCOM3_0_Handler
                0x000002f0                EIC_1_Handler
                0x000002f0                SERCOM4_2_Handler
                0x000002f0                EVSYS_4_Handler
                0x000002f0                EIC_7_Handler
                0x000002f0                NVMCTRL_1_Handler
                0x000002f0                SERCOM5_2_Handler
                0x000002f0                SERCOM3_3_Handler
                0x000002f0                ADC0_1_Handler
                0x000002f0                SERCOM2_2_Handler
                0x000002f0                TCC3_1_Handler
                0x000002f0                EIC_14_Handler
                0x000002f0                DAC_1_Handler
                0x000002f0                NVMCTRL_0_Handler
                0x000002f0                MCLK_Handler
                0x000002f0                EVSYS_2_Handler
                0x000002f0                SUPC_0_Handler
                0x000002f0                BusFault_Handler
                0x000002f0                FREQM_Handler
                0x000002f0                TCC0_3_Handler
                0x000002f0                DMAC_3_Handler
                0x000002f0                DebugMonitor_Handler
                0x000002f0                TCC0_4_Handler
                0x000002f0                TC5_Handler
                0x000002f0                SERCOM2_0_Handler
                0x000002f0                AES_Handler
                0x000002f0                ICM_Handler
 *fill*         0x000002f2        0x2 
 .text.Reset_Handler
                0x000002f4       0x78 Device_Startup/startup_same53.o
                0x000002f4                Reset_Handler
 .text._gpio_set_pin_function
                0x0000036c       0x68 driver_init.o
 .text.gpio_set_pin_direction.constprop.0
                0x000003d4       0x28 driver_init.o
 .text.USART_1_CLOCK_init
                0x000003fc       0x20 driver_init.o
                0x000003fc                USART_1_CLOCK_init
 .text.USART_1_PORT_init
                0x0000041c       0x24 driver_init.o
                0x0000041c                USART_1_PORT_init
 .text.USART_1_init
                0x00000440       0x3c driver_init.o
                0x00000440                USART_1_init
 .text.USART_0_PORT_init
                0x0000047c       0x24 driver_init.o
                0x0000047c                USART_0_PORT_init
 .text.USART_0_CLOCK_init
                0x000004a0       0x20 driver_init.o
                0x000004a0                USART_0_CLOCK_init
 .text.USART_0_init
                0x000004c0       0x2c driver_init.o
                0x000004c0                USART_0_init
 .text.I2C_0_PORT_init
                0x000004ec       0x40 driver_init.o
                0x000004ec                I2C_0_PORT_init
 .text.I2C_0_CLOCK_init
                0x0000052c       0x24 driver_init.o
                0x0000052c                I2C_0_CLOCK_init
 .text.I2C_0_init
                0x00000550       0x2c driver_init.o
                0x00000550                I2C_0_init
 .text.ETHERNET_MAC_0_PORT_init
                0x0000057c       0x74 driver_init.o
                0x0000057c                ETHERNET_MAC_0_PORT_init
 .text.ETHERNET_MAC_0_CLOCK_init
                0x000005f0       0x18 driver_init.o
                0x000005f0                ETHERNET_MAC_0_CLOCK_init
 .text.ETHERNET_MAC_0_init
                0x00000608       0x2c driver_init.o
                0x00000608                ETHERNET_MAC_0_init
 .text.system_init
                0x00000634      0x3c0 driver_init.o
                0x00000634                system_init
 .text.ethernet_phy_init
                0x000009f4        0x8 ethernet_phy/ethernet_phy.o
                0x000009f4                ethernet_phy_init
 .text.ethernet_phy_set_reg_bit
                0x000009fc       0x38 ethernet_phy/ethernet_phy.o
                0x000009fc                ethernet_phy_set_reg_bit
 .text.ethernet_phy_restart_autoneg
                0x00000a34       0x10 ethernet_phy/ethernet_phy.o
                0x00000a34                ethernet_phy_restart_autoneg
 .text.ethernet_phy_get_link_status
                0x00000a44       0x28 ethernet_phy/ethernet_phy.o
                0x00000a44                ethernet_phy_get_link_status
 .text.ETHERNET_PHY_0_init
                0x00000a6c       0x28 ethernet_phy_main.o
                0x00000a6c                ETHERNET_PHY_0_init
 .text.ETHERNET_PHY_0_example
                0x00000a94       0x34 ethernet_phy_main.o
                0x00000a94                ETHERNET_PHY_0_example
 .text.ethernet_phys_init
                0x00000ac8       0x3c ethernet_phy_main.o
                0x00000ac8                ethernet_phys_init
 .text.LWIP_MACIF_stack_init
                0x00000b04       0x50 eth_ipstack_main.o
                0x00000b04                LWIP_MACIF_stack_init
 .text.LWIP_MACIF_init
                0x00000b54       0x4c eth_ipstack_main.o
                0x00000b54                LWIP_MACIF_init
 .text.eth_ipstack_init
                0x00000ba0        0x8 eth_ipstack_main.o
                0x00000ba0                eth_ipstack_init
 .text.atomic_enter_critical
                0x00000ba8        0xe hal/src/hal_atomic.o
                0x00000ba8                atomic_enter_critical
 .text.atomic_leave_critical
                0x00000bb6        0xc hal/src/hal_atomic.o
                0x00000bb6                atomic_leave_critical
 *fill*         0x00000bc2        0x2 
 .text.delay_ms
                0x00000bc4       0x24 hal/src/hal_delay.o
                0x00000bc4                delay_ms
 .text.i2c_m_sync_write
                0x00000be8       0x2c hal/src/hal_i2c_m_sync.o
 .text.i2c_m_sync_read
                0x00000c14       0x2c hal/src/hal_i2c_m_sync.o
 .text.i2c_m_sync_init
                0x00000c40       0x20 hal/src/hal_i2c_m_sync.o
                0x00000c40                i2c_m_sync_init
 .text.io_write
                0x00000c60        0x4 hal/src/hal_io.o
                0x00000c60                io_write
 .text.io_read  0x00000c64        0x4 hal/src/hal_io.o
                0x00000c64                io_read
 .text.mac_read_cb
                0x00000c68        0x8 hal/src/hal_mac_async.o
 .text.mac_write_cb
                0x00000c70        0x8 hal/src/hal_mac_async.o
 .text.mac_async_init
                0x00000c78        0x8 hal/src/hal_mac_async.o
                0x00000c78                mac_async_init
 .text.mac_async_enable
                0x00000c80        0x8 hal/src/hal_mac_async.o
                0x00000c80                mac_async_enable
 .text.mac_async_write
                0x00000c88        0x8 hal/src/hal_mac_async.o
                0x00000c88                mac_async_write
 .text.mac_async_read
                0x00000c90        0x8 hal/src/hal_mac_async.o
                0x00000c90                mac_async_read
 .text.mac_async_read_len
                0x00000c98        0x8 hal/src/hal_mac_async.o
                0x00000c98                mac_async_read_len
 .text.mac_async_register_callback
                0x00000ca0       0x38 hal/src/hal_mac_async.o
                0x00000ca0                mac_async_register_callback
 .text.mac_async_set_filter
                0x00000cd8        0x8 hal/src/hal_mac_async.o
                0x00000cd8                mac_async_set_filter
 .text.mac_async_write_phy_reg
                0x00000ce0       0x10 hal/src/hal_mac_async.o
                0x00000ce0                mac_async_write_phy_reg
 .text.mac_async_read_phy_reg
                0x00000cf0       0x10 hal/src/hal_mac_async.o
                0x00000cf0                mac_async_read_phy_reg
 .text.timer_add_timer_task
                0x00000d00       0x4c hal/src/hal_timer.o
 .text.timer_process_counted
                0x00000d4c       0x6c hal/src/hal_timer.o
 .text.timer_init
                0x00000db8       0x1c hal/src/hal_timer.o
                0x00000db8                timer_init
 .text.timer_start
                0x00000dd4       0x24 hal/src/hal_timer.o
                0x00000dd4                timer_start
 .text.timer_add_task
                0x00000df8       0x7c hal/src/hal_timer.o
                0x00000df8                timer_add_task
 .text.usart_transmission_complete
                0x00000e74       0x10 hal/src/hal_usart_async.o
 .text.usart_error
                0x00000e84       0x10 hal/src/hal_usart_async.o
 .text.usart_fill_rx_buffer
                0x00000e94       0x20 hal/src/hal_usart_async.o
 .text.usart_async_write
                0x00000eb4       0x34 hal/src/hal_usart_async.o
 .text.usart_process_byte_sent
                0x00000ee8       0x34 hal/src/hal_usart_async.o
 .text.usart_async_read
                0x00000f1c       0x54 hal/src/hal_usart_async.o
 .text.usart_async_init
                0x00000f70       0x60 hal/src/hal_usart_async.o
                0x00000f70                usart_async_init
 .text.usart_async_enable
                0x00000fd0       0x10 hal/src/hal_usart_async.o
                0x00000fd0                usart_async_enable
 .text.usart_async_get_io_descriptor
                0x00000fe0        0x6 hal/src/hal_usart_async.o
                0x00000fe0                usart_async_get_io_descriptor
 *fill*         0x00000fe6        0x2 
 .text.usart_async_register_callback
                0x00000fe8       0x44 hal/src/hal_usart_async.o
                0x00000fe8                usart_async_register_callback
 .text.usart_sync_write
                0x0000102c       0x50 hal/src/hal_usart_sync.o
 .text.usart_sync_read
                0x0000107c       0x38 hal/src/hal_usart_sync.o
 .text.usart_sync_init
                0x000010b4       0x24 hal/src/hal_usart_sync.o
                0x000010b4                usart_sync_init
 .text.usart_sync_enable
                0x000010d8       0x10 hal/src/hal_usart_sync.o
                0x000010d8                usart_sync_enable
 .text.usart_sync_get_io_descriptor
                0x000010e8        0x6 hal/src/hal_usart_sync.o
                0x000010e8                usart_sync_get_io_descriptor
 .text.is_list_element
                0x000010ee        0xe hal/utils/src/utils_list.o
                0x000010ee                is_list_element
 .text.list_insert_as_head
                0x000010fc        0x8 hal/utils/src/utils_list.o
                0x000010fc                list_insert_as_head
 .text.list_insert_after
                0x00001104        0x8 hal/utils/src/utils_list.o
                0x00001104                list_insert_after
 .text.list_remove_head
                0x0000110c        0xc hal/utils/src/utils_list.o
                0x0000110c                list_remove_head
 .text.ringbuffer_init
                0x00001118       0x18 hal/utils/src/utils_ringbuffer.o
                0x00001118                ringbuffer_init
 .text.ringbuffer_get
                0x00001130       0x22 hal/utils/src/utils_ringbuffer.o
                0x00001130                ringbuffer_get
 .text.ringbuffer_put
                0x00001152       0x26 hal/utils/src/utils_ringbuffer.o
                0x00001152                ringbuffer_put
 .text.ringbuffer_num
                0x00001178        0x8 hal/utils/src/utils_ringbuffer.o
                0x00001178                ringbuffer_num
 .text._sbrk    0x00001180       0x1c hal/utils/src/utils_syscalls.o
                0x00001180                _sbrk
 .text._close   0x0000119c        0x6 hal/utils/src/utils_syscalls.o
                0x0000119c                _close
 .text._fstat   0x000011a2        0xa hal/utils/src/utils_syscalls.o
                0x000011a2                _fstat
 .text._isatty  0x000011ac        0x4 hal/utils/src/utils_syscalls.o
                0x000011ac                _isatty
 .text._lseek   0x000011b0        0x4 hal/utils/src/utils_syscalls.o
                0x000011b0                _lseek
 .text._irq_set
                0x000011b4       0x1c hpl/core/hpl_core_m4.o
                0x000011b4                _irq_set
 .text._get_cycles_for_ms
                0x000011d0       0x14 hpl/core/hpl_core_m4.o
                0x000011d0                _get_cycles_for_ms
 *fill*         0x000011e4        0x4 
 .text._delay_cycles
                0x000011e8        0x8 hpl/core/hpl_core_m4.o
                0x000011e8                _delay_cycles
 .text._init_chip
                0x000011f0       0x44 hpl/core/hpl_init.o
                0x000011f0                _init_chip
 .text.hri_gclk_wait_for_sync.constprop.0
                0x00001234       0x14 hpl/gclk/hpl_gclk.o
 .text._gclk_init_generators_by_fref
                0x00001248       0x58 hpl/gclk/hpl_gclk.o
                0x00001248                _gclk_init_generators_by_fref
 .text.GMAC_Handler
                0x000012a0       0x4c hpl/gmac/hpl_gmac.o
                0x000012a0                GMAC_Handler
 .text._mac_async_init
                0x000012ec       0xac hpl/gmac/hpl_gmac.o
                0x000012ec                _mac_async_init
 .text._mac_async_enable
                0x00001398        0xe hpl/gmac/hpl_gmac.o
                0x00001398                _mac_async_enable
 *fill*         0x000013a6        0x2 
 .text._mac_async_write
                0x000013a8      0x100 hpl/gmac/hpl_gmac.o
                0x000013a8                _mac_async_write
 .text._mac_async_read
                0x000014a8       0xf4 hpl/gmac/hpl_gmac.o
                0x000014a8                _mac_async_read
 .text._mac_async_read_len
                0x0000159c       0x5c hpl/gmac/hpl_gmac.o
                0x0000159c                _mac_async_read_len
 .text._mac_async_register_callback
                0x000015f8       0x28 hpl/gmac/hpl_gmac.o
                0x000015f8                _mac_async_register_callback
 .text._mac_async_set_filter
                0x00001620       0x20 hpl/gmac/hpl_gmac.o
                0x00001620                _mac_async_set_filter
 .text._mac_async_write_phy_reg
                0x00001640       0x38 hpl/gmac/hpl_gmac.o
                0x00001640                _mac_async_write_phy_reg
 .text._mac_async_read_phy_reg
                0x00001678       0x3a hpl/gmac/hpl_gmac.o
                0x00001678                _mac_async_read_phy_reg
 *fill*         0x000016b2        0x2 
 .text._mclk_init
                0x000016b4        0xc hpl/mclk/hpl_mclk.o
                0x000016b4                _mclk_init
 .text._osc32kctrl_init_sources
                0x000016c0       0x14 hpl/osc32kctrl/hpl_osc32kctrl.o
                0x000016c0                _osc32kctrl_init_sources
 .text._oscctrl_init_sources
                0x000016d4       0x24 hpl/oscctrl/hpl_oscctrl.o
                0x000016d4                _oscctrl_init_sources
 .text._oscctrl_init_referenced_generators
                0x000016f8       0x38 hpl/oscctrl/hpl_oscctrl.o
                0x000016f8                _oscctrl_init_referenced_generators
 .text.RAMECC_Handler
                0x00001730       0x3c hpl/ramecc/hpl_ramecc.o
                0x00001730                RAMECC_Handler
 .text.__NVIC_EnableIRQ
                0x0000176c       0x1c hpl/sercom/hpl_sercom.o
 .text.__NVIC_DisableIRQ
                0x00001788       0x28 hpl/sercom/hpl_sercom.o
 .text.__NVIC_ClearPendingIRQ
                0x000017b0       0x20 hpl/sercom/hpl_sercom.o
 .text.hri_sercomi2cm_wait_for_sync
                0x000017d0        0x8 hpl/sercom/hpl_sercom.o
 .text.hri_sercomusart_wait_for_sync
                0x000017d8        0x8 hpl/sercom/hpl_sercom.o
 .text.hri_sercomi2cm_clear_CTRLA_ENABLE_bit
                0x000017e0       0x14 hpl/sercom/hpl_sercom.o
 .text.hri_sercomusart_clear_CTRLA_ENABLE_bit
                0x000017f4       0x14 hpl/sercom/hpl_sercom.o
 .text._sercom_get_hardware_index
                0x00001808       0x34 hpl/sercom/hpl_sercom.o
 .text._get_i2cm_index
                0x0000183c       0x14 hpl/sercom/hpl_sercom.o
 .text._sercom_get_irq_num
                0x00001850       0x14 hpl/sercom/hpl_sercom.o
 .text._sercom_i2c_send_stop
                0x00001864       0x14 hpl/sercom/hpl_sercom.o
 .text._sercom_i2c_sync_analyse_flags
                0x00001878      0x16c hpl/sercom/hpl_sercom.o
 .text._i2c_m_sync_init_impl
                0x000019e4       0xac hpl/sercom/hpl_sercom.o
 .text._usart_init
                0x00001a90       0xc4 hpl/sercom/hpl_sercom.o
 .text._usart_sync_init
                0x00001b54        0xc hpl/sercom/hpl_sercom.o
                0x00001b54                _usart_sync_init
 .text._usart_async_init
                0x00001b60       0x6c hpl/sercom/hpl_sercom.o
                0x00001b60                _usart_async_init
 .text._usart_sync_enable
                0x00001bcc       0x14 hpl/sercom/hpl_sercom.o
                0x00001bcc                _usart_sync_enable
 .text._usart_async_enable
                0x00001be0       0x14 hpl/sercom/hpl_sercom.o
                0x00001be0                _usart_async_enable
 .text._usart_sync_write_byte
                0x00001bf4        0x6 hpl/sercom/hpl_sercom.o
                0x00001bf4                _usart_sync_write_byte
 .text._usart_async_write_byte
                0x00001bfa        0x6 hpl/sercom/hpl_sercom.o
                0x00001bfa                _usart_async_write_byte
 .text._usart_sync_read_byte
                0x00001c00        0x8 hpl/sercom/hpl_sercom.o
                0x00001c00                _usart_sync_read_byte
 .text._usart_sync_is_ready_to_send
                0x00001c08        0xa hpl/sercom/hpl_sercom.o
                0x00001c08                _usart_sync_is_ready_to_send
 .text._usart_sync_is_transmit_done
                0x00001c12        0xa hpl/sercom/hpl_sercom.o
                0x00001c12                _usart_sync_is_transmit_done
 .text._usart_sync_is_byte_received
                0x00001c1c        0xa hpl/sercom/hpl_sercom.o
                0x00001c1c                _usart_sync_is_byte_received
 .text._usart_async_enable_byte_sent_irq
                0x00001c26        0x8 hpl/sercom/hpl_sercom.o
                0x00001c26                _usart_async_enable_byte_sent_irq
 .text._usart_async_enable_tx_done_irq
                0x00001c2e        0x8 hpl/sercom/hpl_sercom.o
                0x00001c2e                _usart_async_enable_tx_done_irq
 .text._usart_async_set_irq_state
                0x00001c36       0x32 hpl/sercom/hpl_sercom.o
                0x00001c36                _usart_async_set_irq_state
 .text._i2c_m_sync_init
                0x00001c68        0xc hpl/sercom/hpl_sercom.o
                0x00001c68                _i2c_m_sync_init
 .text._i2c_m_sync_transfer
                0x00001c74      0x140 hpl/sercom/hpl_sercom.o
                0x00001c74                _i2c_m_sync_transfer
 .text.SERCOM0_3_Handler
                0x00001db4       0x6c hpl/sercom/hpl_sercom.o
                0x00001db4                SERCOM0_3_Handler
 .text.SERCOM0_2_Handler
                0x00001e20        0x8 hpl/sercom/hpl_sercom.o
                0x00001e20                SERCOM0_2_Handler
 .text.SERCOM0_1_Handler
                0x00001e28        0x8 hpl/sercom/hpl_sercom.o
                0x00001e28                SERCOM0_1_Handler
 .text.SERCOM0_0_Handler
                0x00001e30        0x8 hpl/sercom/hpl_sercom.o
                0x00001e30                SERCOM0_0_Handler
 .text.__NVIC_DisableIRQ
                0x00001e38       0x28 hpl/tc/hpl_tc.o
 .text.hri_tc_wait_for_sync
                0x00001e60        0x8 hpl/tc/hpl_tc.o
 .text.get_tc_index
                0x00001e68       0x3c hpl/tc/hpl_tc.o
 .text._timer_init
                0x00001ea4      0x120 hpl/tc/hpl_tc.o
                0x00001ea4                _timer_init
 .text._timer_start
                0x00001fc4       0x14 hpl/tc/hpl_tc.o
                0x00001fc4                _timer_start
 .text._timer_is_started
                0x00001fd8       0x18 hpl/tc/hpl_tc.o
                0x00001fd8                _timer_is_started
 .text._tc_get_timer
                0x00001ff0        0x4 hpl/tc/hpl_tc.o
                0x00001ff0                _tc_get_timer
 .text._timer_set_irq
                0x00001ff4       0x28 hpl/tc/hpl_tc.o
                0x00001ff4                _timer_set_irq
 .text.TC0_Handler
                0x0000201c       0x1c hpl/tc/hpl_tc.o
                0x0000201c                TC0_Handler
 .text.mac_low_level_init
                0x00002038       0x28 lwip/lwip-1.4.0/port/ethif_mac.o
                0x00002038                mac_low_level_init
 .text.mac_low_level_output
                0x00002060       0x74 lwip/lwip-1.4.0/port/ethif_mac.o
                0x00002060                mac_low_level_output
 .text.ethernetif_mac_input
                0x000020d4       0x7c lwip/lwip-1.4.0/port/ethif_mac.o
                0x000020d4                ethernetif_mac_input
 .text.lwip_htons
                0x00002150        0x6 lwip/lwip-1.4.0/src/core/def.o
                0x00002150                lwip_htons
 .text.lwip_ntohs
                0x00002156        0x6 lwip/lwip-1.4.0/src/core/def.o
                0x00002156                lwip_ntohs
 .text.lwip_htonl
                0x0000215c        0x4 lwip/lwip-1.4.0/src/core/def.o
                0x0000215c                lwip_htonl
 .text.lwip_ntohl
                0x00002160        0x8 lwip/lwip-1.4.0/src/core/def.o
                0x00002160                lwip_ntohl
 .text.dhcp_set_state
                0x00002168       0x10 lwip/lwip-1.4.0/src/core/dhcp.o
 .text.dhcp_option
                0x00002178       0x1c lwip/lwip-1.4.0/src/core/dhcp.o
 .text.dhcp_option_byte
                0x00002194       0x12 lwip/lwip-1.4.0/src/core/dhcp.o
 .text.dhcp_option_short
                0x000021a6       0x1e lwip/lwip-1.4.0/src/core/dhcp.o
 .text.dhcp_option_long
                0x000021c4       0x36 lwip/lwip-1.4.0/src/core/dhcp.o
 *fill*         0x000021fa        0x2 
 .text.dhcp_create_msg
                0x000021fc      0x180 lwip/lwip-1.4.0/src/core/dhcp.o
 .text.dhcp_check
                0x0000237c       0x68 lwip/lwip-1.4.0/src/core/dhcp.o
 .text.dhcp_bind
                0x000023e4      0x178 lwip/lwip-1.4.0/src/core/dhcp.o
 .text.dhcp_option_trailer
                0x0000255c       0x4c lwip/lwip-1.4.0/src/core/dhcp.o
 .text.dhcp_delete_msg
                0x000025a8       0x3c lwip/lwip-1.4.0/src/core/dhcp.o
 .text.dhcp_rebind
                0x000025e4       0xd8 lwip/lwip-1.4.0/src/core/dhcp.o
 .text.dhcp_discover
                0x000026bc      0x128 lwip/lwip-1.4.0/src/core/dhcp.o
 .text.dhcp_select
                0x000027e4      0x148 lwip/lwip-1.4.0/src/core/dhcp.o
 .text.dhcp_reboot
                0x0000292c      0x100 lwip/lwip-1.4.0/src/core/dhcp.o
 .text.dhcp_recv
                0x00002a2c      0x668 lwip/lwip-1.4.0/src/core/dhcp.o
 .text.dhcp_arp_reply
                0x00003094      0x11c lwip/lwip-1.4.0/src/core/dhcp.o
                0x00003094                dhcp_arp_reply
 .text.dhcp_renew
                0x000031b0       0xd8 lwip/lwip-1.4.0/src/core/dhcp.o
                0x000031b0                dhcp_renew
 .text.dhcp_coarse_tmr
                0x00003288       0xb0 lwip/lwip-1.4.0/src/core/dhcp.o
                0x00003288                dhcp_coarse_tmr
 .text.dhcp_release
                0x00003338      0x104 lwip/lwip-1.4.0/src/core/dhcp.o
                0x00003338                dhcp_release
 .text.dhcp_fine_tmr
                0x0000343c      0x100 lwip/lwip-1.4.0/src/core/dhcp.o
                0x0000343c                dhcp_fine_tmr
 .text.dhcp_stop
                0x0000353c       0x64 lwip/lwip-1.4.0/src/core/dhcp.o
                0x0000353c                dhcp_stop
 .text.dhcp_start
                0x000035a0      0x148 lwip/lwip-1.4.0/src/core/dhcp.o
                0x000035a0                dhcp_start
 .text.lwip_init
                0x000036e8       0x38 lwip/lwip-1.4.0/src/core/init.o
                0x000036e8                lwip_init
 .text.icmp_send_response.isra.0
                0x00003720       0x88 lwip/lwip-1.4.0/src/core/ipv4/icmp.o
 .text.icmp_input
                0x000037a8      0x148 lwip/lwip-1.4.0/src/core/ipv4/icmp.o
                0x000037a8                icmp_input
 .text.icmp_dest_unreach
                0x000038f0       0x10 lwip/lwip-1.4.0/src/core/ipv4/icmp.o
                0x000038f0                icmp_dest_unreach
 .text.icmp_time_exceeded
                0x00003900       0x10 lwip/lwip-1.4.0/src/core/ipv4/icmp.o
                0x00003900                icmp_time_exceeded
 .text.lwip_standard_chksum
                0x00003910       0x60 lwip/lwip-1.4.0/src/core/ipv4/inet_chksum.o
 .text.inet_chksum_pseudo
                0x00003970       0x90 lwip/lwip-1.4.0/src/core/ipv4/inet_chksum.o
                0x00003970                inet_chksum_pseudo
 .text.inet_chksum
                0x00003a00       0x10 lwip/lwip-1.4.0/src/core/ipv4/inet_chksum.o
                0x00003a00                inet_chksum
 .text.inet_chksum_pbuf
                0x00003a10       0x4c lwip/lwip-1.4.0/src/core/ipv4/inet_chksum.o
                0x00003a10                inet_chksum_pbuf
 .text.ip_route
                0x00003a5c       0x3c lwip/lwip-1.4.0/src/core/ipv4/ip.o
                0x00003a5c                ip_route
 .text.ip_input
                0x00003a98      0x1b4 lwip/lwip-1.4.0/src/core/ipv4/ip.o
                0x00003a98                ip_input
 .text.ip_output_if
                0x00003c4c       0xfc lwip/lwip-1.4.0/src/core/ipv4/ip.o
                0x00003c4c                ip_output_if
 .text.ip_output
                0x00003d48       0x40 lwip/lwip-1.4.0/src/core/ipv4/ip.o
                0x00003d48                ip_output
 .text.ip4_addr_isbroadcast
                0x00003d88       0x32 lwip/lwip-1.4.0/src/core/ipv4/ip_addr.o
                0x00003d88                ip4_addr_isbroadcast
 .text.ipaddr_ntoa_r
                0x00003dba       0x92 lwip/lwip-1.4.0/src/core/ipv4/ip_addr.o
                0x00003dba                ipaddr_ntoa_r
 .text.ipfrag_free_pbuf_custom
                0x00003e4c       0x20 lwip/lwip-1.4.0/src/core/ipv4/ip_frag.o
 .text.ip_reass_free_complete_datagram
                0x00003e6c       0x9c lwip/lwip-1.4.0/src/core/ipv4/ip_frag.o
 .text.ip_reass_remove_oldest_datagram
                0x00003f08       0x78 lwip/lwip-1.4.0/src/core/ipv4/ip_frag.o
 .text.ip_reass_tmr
                0x00003f80       0x2c lwip/lwip-1.4.0/src/core/ipv4/ip_frag.o
                0x00003f80                ip_reass_tmr
 .text.ip_reass
                0x00003fac      0x2e8 lwip/lwip-1.4.0/src/core/ipv4/ip_frag.o
                0x00003fac                ip_reass
 .text.ip_frag  0x00004294      0x19c lwip/lwip-1.4.0/src/core/ipv4/ip_frag.o
                0x00004294                ip_frag
 .text.mem_init
                0x00004430       0x34 lwip/lwip-1.4.0/src/core/mem.o
                0x00004430                mem_init
 .text.mem_free
                0x00004464       0x7c lwip/lwip-1.4.0/src/core/mem.o
                0x00004464                mem_free
 .text.mem_trim
                0x000044e0       0x9c lwip/lwip-1.4.0/src/core/mem.o
                0x000044e0                mem_trim
 .text.mem_malloc
                0x0000457c       0xa8 lwip/lwip-1.4.0/src/core/mem.o
                0x0000457c                mem_malloc
 .text.memp_init
                0x00004624       0x54 lwip/lwip-1.4.0/src/core/memp.o
                0x00004624                memp_init
 .text.memp_malloc
                0x00004678       0x40 lwip/lwip-1.4.0/src/core/memp.o
                0x00004678                memp_malloc
 .text.memp_free
                0x000046b8       0x18 lwip/lwip-1.4.0/src/core/memp.o
                0x000046b8                memp_free
 .text.netif_init
                0x000046d0        0x2 lwip/lwip-1.4.0/src/core/netif.o
                0x000046d0                netif_init
 *fill*         0x000046d2        0x2 
 .text.netif_set_ipaddr
                0x000046d4       0x54 lwip/lwip-1.4.0/src/core/netif.o
                0x000046d4                netif_set_ipaddr
 .text.netif_set_addr
                0x00004728       0x20 lwip/lwip-1.4.0/src/core/netif.o
                0x00004728                netif_set_addr
 .text.netif_add
                0x00004748       0x58 lwip/lwip-1.4.0/src/core/netif.o
                0x00004748                netif_add
 .text.netif_set_gw
                0x000047a0        0x8 lwip/lwip-1.4.0/src/core/netif.o
                0x000047a0                netif_set_gw
 .text.netif_set_netmask
                0x000047a8        0x8 lwip/lwip-1.4.0/src/core/netif.o
                0x000047a8                netif_set_netmask
 .text.netif_set_default
                0x000047b0        0xc lwip/lwip-1.4.0/src/core/netif.o
                0x000047b0                netif_set_default
 .text.netif_set_up
                0x000047bc       0x38 lwip/lwip-1.4.0/src/core/netif.o
                0x000047bc                netif_set_up
 .text.netif_set_down
                0x000047f4       0x30 lwip/lwip-1.4.0/src/core/netif.o
                0x000047f4                netif_set_down
 .text.netif_set_status_callback
                0x00004824        0x6 lwip/lwip-1.4.0/src/core/netif.o
                0x00004824                netif_set_status_callback
 .text.netif_set_link_callback
                0x0000482a        0x6 lwip/lwip-1.4.0/src/core/netif.o
                0x0000482a                netif_set_link_callback
 .text.pbuf_free_ooseq
                0x00004830       0x30 lwip/lwip-1.4.0/src/core/pbuf.o
                0x00004830                pbuf_free_ooseq
 .text.pbuf_alloced_custom
                0x00004860       0x54 lwip/lwip-1.4.0/src/core/pbuf.o
                0x00004860                pbuf_alloced_custom
 .text.pbuf_header
                0x000048b4       0x78 lwip/lwip-1.4.0/src/core/pbuf.o
                0x000048b4                pbuf_header
 .text.pbuf_free
                0x0000492c       0x58 lwip/lwip-1.4.0/src/core/pbuf.o
                0x0000492c                pbuf_free
 .text.pbuf_alloc
                0x00004984      0x12c lwip/lwip-1.4.0/src/core/pbuf.o
                0x00004984                pbuf_alloc
 .text.pbuf_realloc
                0x00004ab0       0x54 lwip/lwip-1.4.0/src/core/pbuf.o
                0x00004ab0                pbuf_realloc
 .text.pbuf_clen
                0x00004b04       0x10 lwip/lwip-1.4.0/src/core/pbuf.o
                0x00004b04                pbuf_clen
 .text.pbuf_ref
                0x00004b14        0xa lwip/lwip-1.4.0/src/core/pbuf.o
                0x00004b14                pbuf_ref
 *fill*         0x00004b1e        0x2 
 .text.pbuf_cat
                0x00004b20       0x3c lwip/lwip-1.4.0/src/core/pbuf.o
                0x00004b20                pbuf_cat
 .text.pbuf_chain
                0x00004b5c       0x1c lwip/lwip-1.4.0/src/core/pbuf.o
                0x00004b5c                pbuf_chain
 .text.pbuf_copy
                0x00004b78       0xe8 lwip/lwip-1.4.0/src/core/pbuf.o
                0x00004b78                pbuf_copy
 .text.pbuf_copy_partial
                0x00004c60       0x8c lwip/lwip-1.4.0/src/core/pbuf.o
                0x00004c60                pbuf_copy_partial
 .text.raw_input
                0x00004cec       0x7c lwip/lwip-1.4.0/src/core/raw.o
                0x00004cec                raw_input
 .text.tcp_init
                0x00004d68        0x2 lwip/lwip-1.4.0/src/core/tcp.o
                0x00004d68                tcp_init
 .text.tcp_update_rcv_ann_wnd
                0x00004d6a       0x36 lwip/lwip-1.4.0/src/core/tcp.o
                0x00004d6a                tcp_update_rcv_ann_wnd
 .text.tcp_recved
                0x00004da0       0x40 lwip/lwip-1.4.0/src/core/tcp.o
                0x00004da0                tcp_recved
 .text.tcp_seg_free
                0x00004de0       0x24 lwip/lwip-1.4.0/src/core/tcp.o
                0x00004de0                tcp_seg_free
 .text.tcp_segs_free
                0x00004e04       0x14 lwip/lwip-1.4.0/src/core/tcp.o
                0x00004e04                tcp_segs_free
 .text.tcp_seg_copy
                0x00004e18       0x34 lwip/lwip-1.4.0/src/core/tcp.o
                0x00004e18                tcp_seg_copy
 .text.tcp_pcb_purge
                0x00004e4c       0x44 lwip/lwip-1.4.0/src/core/tcp.o
                0x00004e4c                tcp_pcb_purge
 .text.tcp_slowtmr
                0x00004e90      0x2f8 lwip/lwip-1.4.0/src/core/tcp.o
                0x00004e90                tcp_slowtmr
 .text.tcp_pcb_remove
                0x00005188       0x6c lwip/lwip-1.4.0/src/core/tcp.o
                0x00005188                tcp_pcb_remove
 .text.tcp_close_shutdown
                0x000051f4      0x170 lwip/lwip-1.4.0/src/core/tcp.o
 .text.tcp_close
                0x00005364       0x18 lwip/lwip-1.4.0/src/core/tcp.o
                0x00005364                tcp_close
 .text.tcp_recv_null
                0x0000537c       0x30 lwip/lwip-1.4.0/src/core/tcp.o
                0x0000537c                tcp_recv_null
 .text.tcp_process_refused_data
                0x000053ac       0x6c lwip/lwip-1.4.0/src/core/tcp.o
                0x000053ac                tcp_process_refused_data
 .text.tcp_fasttmr
                0x00005418       0x78 lwip/lwip-1.4.0/src/core/tcp.o
                0x00005418                tcp_fasttmr
 .text.tcp_tmr  0x00005490       0x2c lwip/lwip-1.4.0/src/core/tcp.o
                0x00005490                tcp_tmr
 .text.tcp_abandon
                0x000054bc       0xb0 lwip/lwip-1.4.0/src/core/tcp.o
                0x000054bc                tcp_abandon
 .text.tcp_abort
                0x0000556c        0xc lwip/lwip-1.4.0/src/core/tcp.o
                0x0000556c                tcp_abort
 .text.tcp_next_iss
                0x00005578       0x18 lwip/lwip-1.4.0/src/core/tcp.o
                0x00005578                tcp_next_iss
 .text.tcp_alloc
                0x00005590      0x11c lwip/lwip-1.4.0/src/core/tcp.o
                0x00005590                tcp_alloc
 .text.tcp_eff_send_mss
                0x000056ac       0x24 lwip/lwip-1.4.0/src/core/tcp.o
                0x000056ac                tcp_eff_send_mss
 .text.tcp_oos_insert_segment
                0x000056d0       0x9c lwip/lwip-1.4.0/src/core/tcp_in.o
 .text.tcp_receive
                0x0000576c      0x778 lwip/lwip-1.4.0/src/core/tcp_in.o
 .text.tcp_parseopt.isra.0
                0x00005ee4       0x84 lwip/lwip-1.4.0/src/core/tcp_in.o
 .text.tcp_input
                0x00005f68      0x818 lwip/lwip-1.4.0/src/core/tcp_in.o
                0x00005f68                tcp_input
 .text.tcp_create_segment
                0x00006780       0xd4 lwip/lwip-1.4.0/src/core/tcp_out.o
 .text.tcp_output_alloc_header.constprop.0
                0x00006854       0x68 lwip/lwip-1.4.0/src/core/tcp_out.o
 .text.tcp_enqueue_flags
                0x000068bc       0xac lwip/lwip-1.4.0/src/core/tcp_out.o
                0x000068bc                tcp_enqueue_flags
 .text.tcp_send_fin
                0x00006968       0x54 lwip/lwip-1.4.0/src/core/tcp_out.o
                0x00006968                tcp_send_fin
 .text.tcp_send_empty_ack
                0x000069bc       0x74 lwip/lwip-1.4.0/src/core/tcp_out.o
                0x000069bc                tcp_send_empty_ack
 .text.tcp_output
                0x00006a30      0x290 lwip/lwip-1.4.0/src/core/tcp_out.o
                0x00006a30                tcp_output
 .text.tcp_rst  0x00006cc0       0xb0 lwip/lwip-1.4.0/src/core/tcp_out.o
                0x00006cc0                tcp_rst
 .text.tcp_rexmit_rto
                0x00006d70       0x38 lwip/lwip-1.4.0/src/core/tcp_out.o
                0x00006d70                tcp_rexmit_rto
 .text.tcp_rexmit
                0x00006da8       0x58 lwip/lwip-1.4.0/src/core/tcp_out.o
                0x00006da8                tcp_rexmit
 .text.tcp_rexmit_fast
                0x00006e00       0x54 lwip/lwip-1.4.0/src/core/tcp_out.o
                0x00006e00                tcp_rexmit_fast
 .text.tcp_keepalive
                0x00006e54       0x6c lwip/lwip-1.4.0/src/core/tcp_out.o
                0x00006e54                tcp_keepalive
 .text.tcp_zero_window_probe
                0x00006ec0       0xc4 lwip/lwip-1.4.0/src/core/tcp_out.o
                0x00006ec0                tcp_zero_window_probe
 .text.sys_timeout
                0x00006f84       0x60 lwip/lwip-1.4.0/src/core/timers.o
                0x00006f84                sys_timeout
 .text.tcp_timer_needed
                0x00006fe4       0x38 lwip/lwip-1.4.0/src/core/timers.o
                0x00006fe4                tcp_timer_needed
 .text.tcpip_tcp_timer
                0x0000701c       0x40 lwip/lwip-1.4.0/src/core/timers.o
 .text.sys_timeouts_init
                0x0000705c       0x54 lwip/lwip-1.4.0/src/core/timers.o
                0x0000705c                sys_timeouts_init
 .text.dhcp_timer_fine
                0x000070b0       0x24 lwip/lwip-1.4.0/src/core/timers.o
 .text.dhcp_timer_coarse
                0x000070d4       0x24 lwip/lwip-1.4.0/src/core/timers.o
 .text.arp_timer
                0x000070f8       0x24 lwip/lwip-1.4.0/src/core/timers.o
 .text.ip_reass_timer
                0x0000711c       0x24 lwip/lwip-1.4.0/src/core/timers.o
 .text.sys_check_timeouts
                0x00007140       0x68 lwip/lwip-1.4.0/src/core/timers.o
                0x00007140                sys_check_timeouts
 .text.udp_init
                0x000071a8        0x2 lwip/lwip-1.4.0/src/core/udp.o
                0x000071a8                udp_init
 *fill*         0x000071aa        0x2 
 .text.udp_input
                0x000071ac      0x19c lwip/lwip-1.4.0/src/core/udp.o
                0x000071ac                udp_input
 .text.udp_bind
                0x00007348       0x98 lwip/lwip-1.4.0/src/core/udp.o
                0x00007348                udp_bind
 .text.udp_sendto_if
                0x000073e0      0x10c lwip/lwip-1.4.0/src/core/udp.o
                0x000073e0                udp_sendto_if
 .text.udp_sendto
                0x000074ec       0x34 lwip/lwip-1.4.0/src/core/udp.o
                0x000074ec                udp_sendto
 .text.udp_connect
                0x00007520       0x4c lwip/lwip-1.4.0/src/core/udp.o
                0x00007520                udp_connect
 .text.udp_recv
                0x0000756c        0x6 lwip/lwip-1.4.0/src/core/udp.o
                0x0000756c                udp_recv
 *fill*         0x00007572        0x2 
 .text.udp_remove
                0x00007574       0x30 lwip/lwip-1.4.0/src/core/udp.o
                0x00007574                udp_remove
 .text.udp_new  0x000075a4       0x24 lwip/lwip-1.4.0/src/core/udp.o
                0x000075a4                udp_new
 .text.etharp_free_entry
                0x000075c8       0x34 lwip/lwip-1.4.0/src/netif/etharp.o
 .text.etharp_find_entry
                0x000075fc       0xd4 lwip/lwip-1.4.0/src/netif/etharp.o
 .text.etharp_send_ip
                0x000076d0       0x24 lwip/lwip-1.4.0/src/netif/etharp.o
 .text.etharp_tmr
                0x000076f4       0x44 lwip/lwip-1.4.0/src/netif/etharp.o
                0x000076f4                etharp_tmr
 .text.etharp_cleanup_netif
                0x00007738       0x2c lwip/lwip-1.4.0/src/netif/etharp.o
                0x00007738                etharp_cleanup_netif
 .text.etharp_request
                0x00007764       0xa4 lwip/lwip-1.4.0/src/netif/etharp.o
                0x00007764                etharp_request
 .text.etharp_output_to_arp_index
                0x00007808       0x58 lwip/lwip-1.4.0/src/netif/etharp.o
 .text.etharp_query
                0x00007860      0x11c lwip/lwip-1.4.0/src/netif/etharp.o
                0x00007860                etharp_query
 .text.etharp_output
                0x0000797c      0x100 lwip/lwip-1.4.0/src/netif/etharp.o
                0x0000797c                etharp_output
 .text.ethernet_input
                0x00007a7c      0x1e8 lwip/lwip-1.4.0/src/netif/etharp.o
                0x00007a7c                ethernet_input
 .text.mac_transmit_cb
                0x00007c64        0x2 main.o
                0x00007c64                mac_transmit_cb
 *fill*         0x00007c66        0x2 
 .text.mac_receive_cb
                0x00007c68       0x28 main.o
                0x00007c68                mac_receive_cb
 .text.status_callback
                0x00007c90       0x38 main.o
 .text.link_callback
                0x00007cc8       0x48 main.o
 .text.MotorTimerTask_cb
                0x00007d10       0xd8 main.o
 .text.sys_now  0x00007de8        0xc main.o
                0x00007de8                sys_now
 .text.SysTick_Handler
                0x00007df4       0x10 main.o
                0x00007df4                SysTick_Handler
 .text.systick_enable
                0x00007e04       0x2c main.o
                0x00007e04                systick_enable
 .text.ringbuffer_last
                0x00007e30        0xe main.o
                0x00007e30                ringbuffer_last
 *fill*         0x00007e3e        0x2 
 .text.usart1_receive_cb
                0x00007e40       0x1c main.o
                0x00007e40                usart1_receive_cb
 .text.MotorTimer_Initialize
                0x00007e5c       0x38 main.o
                0x00007e5c                MotorTimer_Initialize
 .text.SendMotorInst
                0x00007e94       0x7c main.o
                0x00007e94                SendMotorInst
 .text.USART_1_input
                0x00007f10       0xac main.o
                0x00007f10                USART_1_input
 .text.udpserver_recv
                0x00007fbc      0x138 main.o
                0x00007fbc                udpserver_recv
 .text.InitializeMotors
                0x000080f4       0x70 main.o
                0x000080f4                InitializeMotors
 .text.startup.main
                0x00008164      0x258 main.o
                0x00008164                main
 .text._read    0x000083bc       0x20 stdio_redirect/gcc/read.o
                0x000083bc                _read
 .text._write   0x000083dc       0x24 stdio_redirect/gcc/write.o
                0x000083dc                _write
 .text.stdio_io_init
                0x00008400       0x2c stdio_redirect/stdio_io.o
                0x00008400                stdio_io_init
 .text.stdio_io_read
                0x0000842c       0x1c stdio_redirect/stdio_io.o
                0x0000842c                stdio_io_read
 .text.stdio_io_write
                0x00008448       0x1c stdio_redirect/stdio_io.o
                0x00008448                stdio_io_write
 .text.stdio_redirect_init
                0x00008464       0x20 stdio_start.o
                0x00008464                stdio_redirect_init
 .text.__libc_init_array
                0x00008484       0x48 c:/program files (x86)/atmel/studio/7.0/toolchain/arm/arm-gnu-toolchain/bin/../lib/gcc/arm-none-eabi/6.3.1/../../../../arm-none-eabi/lib/thumb/v7e-m\libc_nano.a(lib_a-init.o)
                0x00008484                __libc_init_array
 .text.memcmp   0x000084cc       0x1e c:/program files (x86)/atmel/studio/7.0/toolchain/arm/arm-gnu-toolchain/bin/../lib/gcc/arm-none-eabi/6.3.1/../../../../arm-none-eabi/lib/thumb/v7e-m\libc_nano.a(lib_a-memcmp.o)
                0x000084cc                memcmp
 .text.memcpy   0x000084ea       0x16 c:/program files (x86)/atmel/studio/7.0/toolchain/arm/arm-gnu-toolchain/bin/../lib/gcc/arm-none-eabi/6.3.1/../../../../arm-none-eabi/lib/thumb/v7e-m\libc_nano.a(lib_a-memcpy-stub.o)
                0x000084ea                memcpy
 .text.memset   0x00008500       0x10 c:/program files (x86)/atmel/studio/7.0/toolchain/arm/arm-gnu-toolchain/bin/../lib/gcc/arm-none-eabi/6.3.1/../../../../arm-none-eabi/lib/thumb/v7e-m\libc_nano.a(lib_a-memset.o)
                0x00008500                memset
 .text.printf   0x00008510       0x30 c:/program files (x86)/atmel/studio/7.0/toolchain/arm/arm-gnu-toolchain/bin/../lib/gcc/arm-none-eabi/6.3.1/../../../../arm-none-eabi/lib/thumb/v7e-m\libc_nano.a(lib_a-printf.o)
                0x00008510                iprintf
                0x00008510                printf
 .text._puts_r  0x00008540       0xb8 c:/program files (x86)/atmel/studio/7.0/toolchain/arm/arm-gnu-toolchain/bin/../lib/gcc/arm-none-eabi/6.3.1/../../../../arm-none-eabi/lib/thumb/v7e-m\libc_nano.a(lib_a-puts.o)
                0x00008540                _puts_r
 .text.puts     0x000085f8       0x10 c:/program files (x86)/atmel/studio/7.0/toolchain/arm/arm-gnu-toolchain/bin/../lib/gcc/arm-none-eabi/6.3.1/../../../../arm-none-eabi/lib/thumb/v7e-m\libc_nano.a(lib_a-puts.o)
                0x000085f8                puts
 .text.setbuf   0x00008608       0x10 c:/program files (x86)/atmel/studio/7.0/toolchain/arm/arm-gnu-toolchain/bin/../lib/gcc/arm-none-eabi/6.3.1/../../../../arm-none-eabi/lib/thumb/v7e-m\libc_nano.a(lib_a-setbuf.o)
                0x00008608                setbuf
 .text.setvbuf  0x00008618      0x15c c:/program files (x86)/atmel/studio/7.0/toolchain/arm/arm-gnu-toolchain/bin/../lib/gcc/arm-none-eabi/6.3.1/../../../../arm-none-eabi/lib/thumb/v7e-m\libc_nano.a(lib_a-setvbuf.o)
                0x00008618                setvbuf
 .text.strcpy   0x00008774       0x10 c:/program files (x86)/atmel/studio/7.0/toolchain/arm/arm-gnu-toolchain/bin/../lib/gcc/arm-none-eabi/6.3.1/../../../../arm-none-eabi/lib/thumb/v7e-m\libc_nano.a(lib_a-strcpy.o)
                0x00008774                strcpy
 .text          0x00008784       0x10 c:/program files (x86)/atmel/studio/7.0/toolchain/arm/arm-gnu-toolchain/bin/../lib/gcc/arm-none-eabi/6.3.1/../../../../arm-none-eabi/lib/thumb/v7e-m\libc_nano.a(lib_a-strlen.o)
                0x00008784                strlen
 .text.__swbuf_r
                0x00008794       0xa4 c:/program files (x86)/atmel/studio/7.0/toolchain/arm/arm-gnu-toolchain/bin/../lib/gcc/arm-none-eabi/6.3.1/../../../../arm-none-eabi/lib/thumb/v7e-m\libc_nano.a(lib_a-wbuf.o)
                0x00008794                __swbuf_r
 .text.__swsetup_r
                0x00008838       0xdc c:/program files (x86)/atmel/studio/7.0/toolchain/arm/arm-gnu-toolchain/bin/../lib/gcc/arm-none-eabi/6.3.1/../../../../arm-none-eabi/lib/thumb/v7e-m\libc_nano.a(lib_a-wsetup.o)
                0x00008838                __swsetup_r
 .text.__sflush_r
                0x00008914      0x110 c:/program files (x86)/atmel/studio/7.0/toolchain/arm/arm-gnu-toolchain/bin/../lib/gcc/arm-none-eabi/6.3.1/../../../../arm-none-eabi/lib/thumb/v7e-m\libc_nano.a(lib_a-fflush.o)
                0x00008914                __sflush_r
 .text._fflush_r
                0x00008a24       0x54 c:/program files (x86)/atmel/studio/7.0/toolchain/arm/arm-gnu-toolchain/bin/../lib/gcc/arm-none-eabi/6.3.1/../../../../arm-none-eabi/lib/thumb/v7e-m\libc_nano.a(lib_a-fflush.o)
                0x00008a24                _fflush_r
 .text._cleanup_r
                0x00008a78        0xc c:/program files (x86)/atmel/studio/7.0/toolchain/arm/arm-gnu-toolchain/bin/../lib/gcc/arm-none-eabi/6.3.1/../../../../arm-none-eabi/lib/thumb/v7e-m\libc_nano.a(lib_a-findfp.o)
                0x00008a78                _cleanup_r
 .text.std.isra.0
                0x00008a84       0x48 c:/program files (x86)/atmel/studio/7.0/toolchain/arm/arm-gnu-toolchain/bin/../lib/gcc/arm-none-eabi/6.3.1/../../../../arm-none-eabi/lib/thumb/v7e-m\libc_nano.a(lib_a-findfp.o)
 .text.__sfmoreglue
                0x00008acc       0x2c c:/program files (x86)/atmel/studio/7.0/toolchain/arm/arm-gnu-toolchain/bin/../lib/gcc/arm-none-eabi/6.3.1/../../../../arm-none-eabi/lib/thumb/v7e-m\libc_nano.a(lib_a-findfp.o)
                0x00008acc                __sfmoreglue
 .text.__sinit  0x00008af8       0x60 c:/program files (x86)/atmel/studio/7.0/toolchain/arm/arm-gnu-toolchain/bin/../lib/gcc/arm-none-eabi/6.3.1/../../../../arm-none-eabi/lib/thumb/v7e-m\libc_nano.a(lib_a-findfp.o)
                0x00008af8                __sinit
 .text.__sfp    0x00008b58       0x78 c:/program files (x86)/atmel/studio/7.0/toolchain/arm/arm-gnu-toolchain/bin/../lib/gcc/arm-none-eabi/6.3.1/../../../../arm-none-eabi/lib/thumb/v7e-m\libc_nano.a(lib_a-findfp.o)
                0x00008b58                __sfp
 .text._fwalk_reent
                0x00008bd0       0x3c c:/program files (x86)/atmel/studio/7.0/toolchain/arm/arm-gnu-toolchain/bin/../lib/gcc/arm-none-eabi/6.3.1/../../../../arm-none-eabi/lib/thumb/v7e-m\libc_nano.a(lib_a-fwalk.o)
                0x00008bd0                _fwalk_reent
 .text.__swhatbuf_r
                0x00008c0c       0x48 c:/program files (x86)/atmel/studio/7.0/toolchain/arm/arm-gnu-toolchain/bin/../lib/gcc/arm-none-eabi/6.3.1/../../../../arm-none-eabi/lib/thumb/v7e-m\libc_nano.a(lib_a-makebuf.o)
                0x00008c0c                __swhatbuf_r
 .text.__smakebuf_r
                0x00008c54       0x80 c:/program files (x86)/atmel/studio/7.0/toolchain/arm/arm-gnu-toolchain/bin/../lib/gcc/arm-none-eabi/6.3.1/../../../../arm-none-eabi/lib/thumb/v7e-m\libc_nano.a(lib_a-makebuf.o)
                0x00008c54                __smakebuf_r
 .text.malloc   0x00008cd4       0x10 c:/program files (x86)/atmel/studio/7.0/toolchain/arm/arm-gnu-toolchain/bin/../lib/gcc/arm-none-eabi/6.3.1/../../../../arm-none-eabi/lib/thumb/v7e-m\libc_nano.a(lib_a-malloc.o)
                0x00008cd4                malloc
 .text._free_r  0x00008ce4       0x9c c:/program files (x86)/atmel/studio/7.0/toolchain/arm/arm-gnu-toolchain/bin/../lib/gcc/arm-none-eabi/6.3.1/../../../../arm-none-eabi/lib/thumb/v7e-m\libc_nano.a(lib_a-nano-freer.o)
                0x00008ce4                _free_r
 .text._malloc_r
                0x00008d80       0xbc c:/program files (x86)/atmel/studio/7.0/toolchain/arm/arm-gnu-toolchain/bin/../lib/gcc/arm-none-eabi/6.3.1/../../../../arm-none-eabi/lib/thumb/v7e-m\libc_nano.a(lib_a-nano-mallocr.o)
                0x00008d80                _malloc_r
 .text.__sfputc_r
                0x00008e3c       0x2c c:/program files (x86)/atmel/studio/7.0/toolchain/arm/arm-gnu-toolchain/bin/../lib/gcc/arm-none-eabi/6.3.1/../../../../arm-none-eabi/lib/thumb/v7e-m\libc_nano.a(lib_a-nano-vfprintf.o)
 .text.__sfputs_r
                0x00008e68       0x24 c:/program files (x86)/atmel/studio/7.0/toolchain/arm/arm-gnu-toolchain/bin/../lib/gcc/arm-none-eabi/6.3.1/../../../../arm-none-eabi/lib/thumb/v7e-m\libc_nano.a(lib_a-nano-vfprintf.o)
                0x00008e68                __sfputs_r
 .text._vfprintf_r
                0x00008e8c      0x22c c:/program files (x86)/atmel/studio/7.0/toolchain/arm/arm-gnu-toolchain/bin/../lib/gcc/arm-none-eabi/6.3.1/../../../../arm-none-eabi/lib/thumb/v7e-m\libc_nano.a(lib_a-nano-vfprintf.o)
                0x00008e8c                _vfprintf_r
                0x00008e8c                _vfiprintf_r
 .text._printf_common
                0x000090b8       0xec c:/program files (x86)/atmel/studio/7.0/toolchain/arm/arm-gnu-toolchain/bin/../lib/gcc/arm-none-eabi/6.3.1/../../../../arm-none-eabi/lib/thumb/v7e-m\libc_nano.a(lib_a-nano-vfprintf_i.o)
                0x000090b8                _printf_common
 .text._printf_i
                0x000091a4      0x240 c:/program files (x86)/atmel/studio/7.0/toolchain/arm/arm-gnu-toolchain/bin/../lib/gcc/arm-none-eabi/6.3.1/../../../../arm-none-eabi/lib/thumb/v7e-m\libc_nano.a(lib_a-nano-vfprintf_i.o)
                0x000091a4                _printf_i
 .text._sbrk_r  0x000093e4       0x20 c:/program files (x86)/atmel/studio/7.0/toolchain/arm/arm-gnu-toolchain/bin/../lib/gcc/arm-none-eabi/6.3.1/../../../../arm-none-eabi/lib/thumb/v7e-m\libc_nano.a(lib_a-sbrkr.o)
                0x000093e4                _sbrk_r
 .text.__sread  0x00009404       0x22 c:/program files (x86)/atmel/studio/7.0/toolchain/arm/arm-gnu-toolchain/bin/../lib/gcc/arm-none-eabi/6.3.1/../../../../arm-none-eabi/lib/thumb/v7e-m\libc_nano.a(lib_a-stdio.o)
                0x00009404                __sread
 .text.__swrite
                0x00009426       0x38 c:/program files (x86)/atmel/studio/7.0/toolchain/arm/arm-gnu-toolchain/bin/../lib/gcc/arm-none-eabi/6.3.1/../../../../arm-none-eabi/lib/thumb/v7e-m\libc_nano.a(lib_a-stdio.o)
                0x00009426                __swrite
 .text.__sseek  0x0000945e       0x24 c:/program files (x86)/atmel/studio/7.0/toolchain/arm/arm-gnu-toolchain/bin/../lib/gcc/arm-none-eabi/6.3.1/../../../../arm-none-eabi/lib/thumb/v7e-m\libc_nano.a(lib_a-stdio.o)
                0x0000945e                __sseek
 .text.__sclose
                0x00009482        0x8 c:/program files (x86)/atmel/studio/7.0/toolchain/arm/arm-gnu-toolchain/bin/../lib/gcc/arm-none-eabi/6.3.1/../../../../arm-none-eabi/lib/thumb/v7e-m\libc_nano.a(lib_a-stdio.o)
                0x00009482                __sclose
 *fill*         0x0000948a        0x2 
 .text._write_r
                0x0000948c       0x24 c:/program files (x86)/atmel/studio/7.0/toolchain/arm/arm-gnu-toolchain/bin/../lib/gcc/arm-none-eabi/6.3.1/../../../../arm-none-eabi/lib/thumb/v7e-m\libc_nano.a(lib_a-writer.o)
                0x0000948c                _write_r
 .text._close_r
                0x000094b0       0x20 c:/program files (x86)/atmel/studio/7.0/toolchain/arm/arm-gnu-toolchain/bin/../lib/gcc/arm-none-eabi/6.3.1/../../../../arm-none-eabi/lib/thumb/v7e-m\libc_nano.a(lib_a-closer.o)
                0x000094b0                _close_r
 .text._fstat_r
                0x000094d0       0x24 c:/program files (x86)/atmel/studio/7.0/toolchain/arm/arm-gnu-toolchain/bin/../lib/gcc/arm-none-eabi/6.3.1/../../../../arm-none-eabi/lib/thumb/v7e-m\libc_nano.a(lib_a-fstatr.o)
                0x000094d0                _fstat_r
 .text._isatty_r
                0x000094f4       0x20 c:/program files (x86)/atmel/studio/7.0/toolchain/arm/arm-gnu-toolchain/bin/../lib/gcc/arm-none-eabi/6.3.1/../../../../arm-none-eabi/lib/thumb/v7e-m\libc_nano.a(lib_a-isattyr.o)
                0x000094f4                _isatty_r
 .text._lseek_r
                0x00009514       0x24 c:/program files (x86)/atmel/studio/7.0/toolchain/arm/arm-gnu-toolchain/bin/../lib/gcc/arm-none-eabi/6.3.1/../../../../arm-none-eabi/lib/thumb/v7e-m\libc_nano.a(lib_a-lseekr.o)
                0x00009514                _lseek_r
 *fill*         0x00009538        0x8 
 .text          0x00009540       0xa0 c:/program files (x86)/atmel/studio/7.0/toolchain/arm/arm-gnu-toolchain/bin/../lib/gcc/arm-none-eabi/6.3.1/../../../../arm-none-eabi/lib/thumb/v7e-m\libc_nano.a(lib_a-memchr.o)
                0x00009540                memchr
 .text.__malloc_lock
                0x000095e0        0x2 c:/program files (x86)/atmel/studio/7.0/toolchain/arm/arm-gnu-toolchain/bin/../lib/gcc/arm-none-eabi/6.3.1/../../../../arm-none-eabi/lib/thumb/v7e-m\libc_nano.a(lib_a-mlock.o)
                0x000095e0                __malloc_lock
 .text.__malloc_unlock
                0x000095e2        0x2 c:/program files (x86)/atmel/studio/7.0/toolchain/arm/arm-gnu-toolchain/bin/../lib/gcc/arm-none-eabi/6.3.1/../../../../arm-none-eabi/lib/thumb/v7e-m\libc_nano.a(lib_a-mlock.o)
                0x000095e2                __malloc_unlock
 .text._read_r  0x000095e4       0x24 c:/program files (x86)/atmel/studio/7.0/toolchain/arm/arm-gnu-toolchain/bin/../lib/gcc/arm-none-eabi/6.3.1/../../../../arm-none-eabi/lib/thumb/v7e-m\libc_nano.a(lib_a-readr.o)
                0x000095e4                _read_r
 *(.glue_7t)
 .glue_7t       0x00009608        0x0 linker stubs
 *(.glue_7)
 .glue_7        0x00009608        0x0 linker stubs
 *(.rodata .rodata* .gnu.linkonce.r.*)
 .rodata        0x00009608       0x68 hpl/sercom/hpl_sercom.o
 .rodata        0x00009670       0x34 hpl/tc/hpl_tc.o
 .rodata.str1.1
                0x000096a4      0xf22 lwip/lwip-1.4.0/src/core/dhcp.o
                                0xf3d (size before relaxing)
 *fill*         0x0000a5c6        0x2 
 .rodata        0x0000a5c8        0x8 lwip/lwip-1.4.0/src/core/ipv4/ip_addr.o
                0x0000a5c8                ip_addr_broadcast
                0x0000a5cc                ip_addr_any
 .rodata        0x0000a5d0       0x28 lwip/lwip-1.4.0/src/core/memp.o
 .rodata.str1.1
                0x0000a5f8       0x40 lwip/lwip-1.4.0/src/core/memp.o
                                 0x68 (size before relaxing)
 .rodata.str1.1
                0x0000a638      0x152 lwip/lwip-1.4.0/src/core/pbuf.o
                                0x17a (size before relaxing)
 *fill*         0x0000a78a        0x2 
 .rodata        0x0000a78c       0x50 lwip/lwip-1.4.0/src/core/tcp.o
                0x0000a78c                tcp_pcb_lists
                0x0000a79c                tcp_persist_backoff
                0x0000a7a3                tcp_backoff
                0x0000a7b0                tcp_state_str
 .rodata.str1.1
                0x0000a7dc       0xfd lwip/lwip-1.4.0/src/core/tcp.o
                                0x12c (size before relaxing)
 .rodata        0x0000a8d9        0xc lwip/lwip-1.4.0/src/netif/etharp.o
                0x0000a8d9                ethzero
                0x0000a8df                ethbroadcast
 .rodata.str1.1
                0x0000a8e5      0x11e main.o
 *fill*         0x0000aa03        0x1 
 .rodata._global_impure_ptr
                0x0000aa04        0x4 c:/program files (x86)/atmel/studio/7.0/toolchain/arm/arm-gnu-toolchain/bin/../lib/gcc/arm-none-eabi/6.3.1/../../../../arm-none-eabi/lib/thumb/v7e-m\libc_nano.a(lib_a-impure.o)
                0x0000aa04                _global_impure_ptr
 .rodata.__sf_fake_stderr
                0x0000aa08       0x20 c:/program files (x86)/atmel/studio/7.0/toolchain/arm/arm-gnu-toolchain/bin/../lib/gcc/arm-none-eabi/6.3.1/../../../../arm-none-eabi/lib/thumb/v7e-m\libc_nano.a(lib_a-findfp.o)
                0x0000aa08                __sf_fake_stderr
 .rodata.__sf_fake_stdin
                0x0000aa28       0x20 c:/program files (x86)/atmel/studio/7.0/toolchain/arm/arm-gnu-toolchain/bin/../lib/gcc/arm-none-eabi/6.3.1/../../../../arm-none-eabi/lib/thumb/v7e-m\libc_nano.a(lib_a-findfp.o)
                0x0000aa28                __sf_fake_stdin
 .rodata.__sf_fake_stdout
                0x0000aa48       0x20 c:/program files (x86)/atmel/studio/7.0/toolchain/arm/arm-gnu-toolchain/bin/../lib/gcc/arm-none-eabi/6.3.1/../../../../arm-none-eabi/lib/thumb/v7e-m\libc_nano.a(lib_a-findfp.o)
                0x0000aa48                __sf_fake_stdout
 .rodata._vfprintf_r.str1.1
                0x0000aa68       0x11 c:/program files (x86)/atmel/studio/7.0/toolchain/arm/arm-gnu-toolchain/bin/../lib/gcc/arm-none-eabi/6.3.1/../../../../arm-none-eabi/lib/thumb/v7e-m\libc_nano.a(lib_a-nano-vfprintf.o)
 .rodata._printf_i.str1.1
                0x0000aa79       0x22 c:/program files (x86)/atmel/studio/7.0/toolchain/arm/arm-gnu-toolchain/bin/../lib/gcc/arm-none-eabi/6.3.1/../../../../arm-none-eabi/lib/thumb/v7e-m\libc_nano.a(lib_a-nano-vfprintf_i.o)
 *(.ARM.extab* .gnu.linkonce.armextab.*)
                0x0000aa9c                . = ALIGN (0x4)
 *fill*         0x0000aa9b        0x1 
 *(.init)
 .init          0x0000aa9c        0x4 c:/program files (x86)/atmel/studio/7.0/toolchain/arm/arm-gnu-toolchain/bin/../lib/gcc/arm-none-eabi/6.3.1/thumb/v7e-m/crti.o
                0x0000aa9c                _init
 .init          0x0000aaa0        0x8 c:/program files (x86)/atmel/studio/7.0/toolchain/arm/arm-gnu-toolchain/bin/../lib/gcc/arm-none-eabi/6.3.1/thumb/v7e-m/crtn.o
                0x0000aaa8                . = ALIGN (0x4)
                0x0000aaa8                __preinit_array_start = .
 *(.preinit_array)
                0x0000aaa8                __preinit_array_end = .
                0x0000aaa8                . = ALIGN (0x4)
                0x0000aaa8                __init_array_start = .
 *(SORT(.init_array.*))
 *(.init_array)
 .init_array    0x0000aaa8        0x4 c:/program files (x86)/atmel/studio/7.0/toolchain/arm/arm-gnu-toolchain/bin/../lib/gcc/arm-none-eabi/6.3.1/thumb/v7e-m/crtbegin.o
                0x0000aaac                __init_array_end = .
                0x0000aaac                . = ALIGN (0x4)
 *crtbegin.o(.ctors)
 *(EXCLUDE_FILE(*crtend.o) .ctors)
 *(SORT(.ctors.*))
 *crtend.o(.ctors)
                0x0000aaac                . = ALIGN (0x4)
 *(.fini)
 .fini          0x0000aaac        0x4 c:/program files (x86)/atmel/studio/7.0/toolchain/arm/arm-gnu-toolchain/bin/../lib/gcc/arm-none-eabi/6.3.1/thumb/v7e-m/crti.o
                0x0000aaac                _fini
 .fini          0x0000aab0        0x8 c:/program files (x86)/atmel/studio/7.0/toolchain/arm/arm-gnu-toolchain/bin/../lib/gcc/arm-none-eabi/6.3.1/thumb/v7e-m/crtn.o
                0x0000aab8                . = ALIGN (0x4)
                0x0000aab8                __fini_array_start = .
 *(.fini_array)
 .fini_array    0x0000aab8        0x4 c:/program files (x86)/atmel/studio/7.0/toolchain/arm/arm-gnu-toolchain/bin/../lib/gcc/arm-none-eabi/6.3.1/thumb/v7e-m/crtbegin.o
 *(SORT(.fini_array.*))
                0x0000aabc                __fini_array_end = .
 *crtbegin.o(.dtors)
 *(EXCLUDE_FILE(*crtend.o) .dtors)
 *(SORT(.dtors.*))
 *crtend.o(.dtors)
                0x0000aabc                . = ALIGN (0x4)
                0x0000aabc                _efixed = .
                [!provide]                PROVIDE (__exidx_start, .)

.vfp11_veneer   0x0000aabc        0x0
 .vfp11_veneer  0x0000aabc        0x0 linker stubs

.v4_bx          0x0000aabc        0x0
 .v4_bx         0x0000aabc        0x0 linker stubs

.iplt           0x0000aabc        0x0
 .iplt          0x0000aabc        0x0 c:/program files (x86)/atmel/studio/7.0/toolchain/arm/arm-gnu-toolchain/bin/../lib/gcc/arm-none-eabi/6.3.1/thumb/v7e-m/crtbegin.o

.eh_frame       0x0000aabc        0x0
 .eh_frame      0x0000aabc        0x0 c:/program files (x86)/atmel/studio/7.0/toolchain/arm/arm-gnu-toolchain/bin/../lib/gcc/arm-none-eabi/6.3.1/thumb/v7e-m/crtbegin.o

.rel.dyn        0x0000aabc        0x0
 .rel.iplt      0x0000aabc        0x0 c:/program files (x86)/atmel/studio/7.0/toolchain/arm/arm-gnu-toolchain/bin/../lib/gcc/arm-none-eabi/6.3.1/thumb/v7e-m/crtbegin.o

.jcr            0x0000aabc        0x0
 .jcr           0x0000aabc        0x0 c:/program files (x86)/atmel/studio/7.0/toolchain/arm/arm-gnu-toolchain/bin/../lib/gcc/arm-none-eabi/6.3.1/thumb/v7e-m/crtbegin.o

.igot.plt       0x0000aabc        0x0
 .igot.plt      0x0000aabc        0x0 c:/program files (x86)/atmel/studio/7.0/toolchain/arm/arm-gnu-toolchain/bin/../lib/gcc/arm-none-eabi/6.3.1/thumb/v7e-m/crtbegin.o

.ARM.exidx
 *(.ARM.exidx* .gnu.linkonce.armexidx.*)
                [!provide]                PROVIDE (__exidx_end, .)
                0x0000aabc                . = ALIGN (0x4)
                0x0000aabc                _etext = .

.relocate       0x20000000       0x74 load address 0x0000aabc
                0x20000000                . = ALIGN (0x4)
                0x20000000                _srelocate = .
 *(.ramfunc .ramfunc.*)
 *(.data .data.*)
 .data          0x20000000        0x4 lwip/lwip-1.4.0/src/core/dhcp.o
 .data          0x20000004        0x8 lwip/lwip-1.4.0/src/core/tcp.o
 .data          0x2000000c        0x2 lwip/lwip-1.4.0/src/core/udp.o
 *fill*         0x2000000e        0x2 
 .data._impure_ptr
                0x20000010        0x4 c:/program files (x86)/atmel/studio/7.0/toolchain/arm/arm-gnu-toolchain/bin/../lib/gcc/arm-none-eabi/6.3.1/../../../../arm-none-eabi/lib/thumb/v7e-m\libc_nano.a(lib_a-impure.o)
                0x20000010                _impure_ptr
 .data.impure_data
                0x20000014       0x60 c:/program files (x86)/atmel/studio/7.0/toolchain/arm/arm-gnu-toolchain/bin/../lib/gcc/arm-none-eabi/6.3.1/../../../../arm-none-eabi/lib/thumb/v7e-m\libc_nano.a(lib_a-impure.o)
                0x20000074                . = ALIGN (0x4)
                0x20000074                _erelocate = .

.bkupram        0x47000000        0x0
                0x47000000                . = ALIGN (0x8)
                0x47000000                _sbkupram = .
 *(.bkupram .bkupram.*)
                0x47000000                . = ALIGN (0x8)
                0x47000000                _ebkupram = .

.qspi           0x04000000        0x0
                0x04000000                . = ALIGN (0x8)
                0x04000000                _sqspi = .
 *(.qspi .qspi.*)
                0x04000000                . = ALIGN (0x8)
                0x04000000                _eqspi = .

.bss            0x20000080     0x9574 load address 0x0000ab40
                0x20000080                . = ALIGN (0x4)
                0x20000080                _sbss = .
                0x20000080                _szero = .
 *(.bss .bss.*)
 .bss           0x20000080       0x1c c:/program files (x86)/atmel/studio/7.0/toolchain/arm/arm-gnu-toolchain/bin/../lib/gcc/arm-none-eabi/6.3.1/thumb/v7e-m/crtbegin.o
 .bss           0x2000009c      0x100 driver_init.o
 .bss           0x2000019c        0x4 hal/src/hal_delay.o
 .bss           0x200001a0        0x4 hal/utils/src/utils_syscalls.o
 *fill*         0x200001a4       0x1c 
 .bss           0x200001c0     0x1464 hpl/gmac/hpl_gmac.o
 .bss           0x20001624        0x4 hpl/sercom/hpl_sercom.o
 .bss           0x20001628        0x4 hpl/tc/hpl_tc.o
 .bss           0x2000162c        0x2 lwip/lwip-1.4.0/src/core/ipv4/ip.o
 *fill*         0x2000162e        0x2 
 .bss           0x20001630        0x6 lwip/lwip-1.4.0/src/core/ipv4/ip_frag.o
 *fill*         0x20001636        0x2 
 .bss           0x20001638        0xc lwip/lwip-1.4.0/src/core/mem.o
 .bss           0x20001644     0x694c lwip/lwip-1.4.0/src/core/memp.o
 .bss           0x20007f90        0x1 lwip/lwip-1.4.0/src/core/netif.o
 *fill*         0x20007f91        0x3 
 .bss           0x20007f94        0x4 lwip/lwip-1.4.0/src/core/raw.o
 .bss           0x20007f98        0x2 lwip/lwip-1.4.0/src/core/tcp.o
 *fill*         0x20007f9a        0x2 
 .bss           0x20007f9c       0x2d lwip/lwip-1.4.0/src/core/tcp_in.o
 *fill*         0x20007fc9        0x3 
 .bss           0x20007fcc        0xc lwip/lwip-1.4.0/src/core/timers.o
 .bss           0x20007fd8       0xc9 lwip/lwip-1.4.0/src/netif/etharp.o
 *fill*         0x200080a1        0x3 
 .bss           0x200080a4      0x135 main.o
                0x200080ac                line_available
                0x200080c4                nread
 *fill*         0x200081d9        0x3 
 .bss           0x200081dc        0x4 stdio_redirect/stdio_io.o
 .bss.__malloc_free_list
                0x200081e0        0x4 c:/program files (x86)/atmel/studio/7.0/toolchain/arm/arm-gnu-toolchain/bin/../lib/gcc/arm-none-eabi/6.3.1/../../../../arm-none-eabi/lib/thumb/v7e-m\libc_nano.a(lib_a-nano-mallocr.o)
                0x200081e0                __malloc_free_list
 .bss.__malloc_sbrk_start
                0x200081e4        0x4 c:/program files (x86)/atmel/studio/7.0/toolchain/arm/arm-gnu-toolchain/bin/../lib/gcc/arm-none-eabi/6.3.1/../../../../arm-none-eabi/lib/thumb/v7e-m\libc_nano.a(lib_a-nano-mallocr.o)
                0x200081e4                __malloc_sbrk_start
 *(COMMON)
 COMMON         0x200081e8        0x8 atmel_start.o
                0x200081e8                ETHERNET_PHY_0_desc
 COMMON         0x200081f0       0xb4 driver_init.o
                0x200081f0                USART_0
                0x200081fc                USART_1
                0x2000824c                I2C_0
                0x2000826c                ETHERNET_MAC_0
                0x20008288                TIMER_0
 COMMON         0x200082a4       0x44 eth_ipstack_main.o
                0x200082a4                LWIP_MACIF_hwaddr
                0x200082ac                LWIP_MACIF_desc
 COMMON         0x200082e8       0x10 hpl/ramecc/hpl_ramecc.o
                0x200082e8                device
 COMMON         0x200082f8       0x34 lwip/lwip-1.4.0/src/core/dhcp.o
                0x200082f8                dhcp_rx_options_given
                0x20008304                dhcp_rx_options_val
 COMMON         0x2000832c       0x10 lwip/lwip-1.4.0/src/core/ipv4/ip.o
                0x2000832c                current_iphdr_src
                0x20008330                current_netif
                0x20008334                current_iphdr_dest
                0x20008338                current_header
 COMMON         0x2000833c      0xfb4 lwip/lwip-1.4.0/src/core/mem.o
                0x2000833c                ram_heap
 COMMON         0x200092f0        0x8 lwip/lwip-1.4.0/src/core/netif.o
                0x200092f0                netif_list
                0x200092f4                netif_default
 COMMON         0x200092f8        0x1 lwip/lwip-1.4.0/src/core/pbuf.o
                0x200092f8                pbuf_free_ooseq_pending
 *fill*         0x200092f9        0x3 
 COMMON         0x200092fc       0x1c lwip/lwip-1.4.0/src/core/tcp.o
                0x200092fc                tcp_active_pcbs_changed
                0x20009300                tcp_active_pcbs
                0x20009304                tcp_ticks
                0x20009308                tcp_listen_pcbs
                0x2000930c                tcp_tmp_pcb
                0x20009310                tcp_bound_pcbs
                0x20009314                tcp_tw_pcbs
 COMMON         0x20009318        0x4 lwip/lwip-1.4.0/src/core/tcp_in.o
                0x20009318                tcp_input_pcb
 COMMON         0x2000931c        0x4 lwip/lwip-1.4.0/src/core/udp.o
                0x2000931c                udp_pcbs
 COMMON         0x20009320      0x2d0 main.o
                0x20009320                NumMotors
                0x20009324                udpserver_pcb
                0x20009328                MotorDutyCycleClock
                0x2000932c                Motor
                0x200095ec                NumClocksInMotorDutyCycle
 COMMON         0x200095f0        0x4 c:/program files (x86)/atmel/studio/7.0/toolchain/arm/arm-gnu-toolchain/bin/../lib/gcc/arm-none-eabi/6.3.1/../../../../arm-none-eabi/lib/thumb/v7e-m\libc_nano.a(lib_a-reent.o)
                0x200095f0                errno
                0x200095f4                . = ALIGN (0x4)
                0x200095f4                _ebss = .
                0x200095f4                _ezero = .

.stack          0x200095f4    0x10004 load address 0x000140b4
                0x200095f8                . = ALIGN (0x8)
 *fill*         0x200095f4        0x4 
                0x200095f8                _sstack = .
                0x200195f8                . = (. + STACK_SIZE)
 *fill*         0x200095f8    0x10000 
                0x200195f8                . = ALIGN (0x8)
                0x200195f8                _estack = .
                0x200195f8                . = ALIGN (0x4)
                0x200195f8                _end = .
OUTPUT(EthMotorsArm_r03_v02.elf elf32-littlearm)

.ARM.attributes
                0x00000000       0x2e
 .ARM.attributes
                0x00000000       0x1e c:/program files (x86)/atmel/studio/7.0/toolchain/arm/arm-gnu-toolchain/bin/../lib/gcc/arm-none-eabi/6.3.1/thumb/v7e-m/crti.o
 .ARM.attributes
                0x0000001e       0x2e c:/program files (x86)/atmel/studio/7.0/toolchain/arm/arm-gnu-toolchain/bin/../lib/gcc/arm-none-eabi/6.3.1/thumb/v7e-m/crtbegin.o
 .ARM.attributes
                0x0000004c       0x37 atmel_start.o
 .ARM.attributes
                0x00000083       0x37 Device_Startup/startup_same53.o
 .ARM.attributes
                0x000000ba       0x37 driver_init.o
 .ARM.attributes
                0x000000f1       0x37 ethernet_phy/ethernet_phy.o
 .ARM.attributes
                0x00000128       0x37 ethernet_phy_main.o
 .ARM.attributes
                0x0000015f       0x37 eth_ipstack_main.o
 .ARM.attributes
                0x00000196       0x37 hal/src/hal_atomic.o
 .ARM.attributes
                0x000001cd       0x37 hal/src/hal_delay.o
 .ARM.attributes
                0x00000204       0x37 hal/src/hal_i2c_m_sync.o
 .ARM.attributes
                0x0000023b       0x37 hal/src/hal_io.o
 .ARM.attributes
                0x00000272       0x37 hal/src/hal_mac_async.o
 .ARM.attributes
                0x000002a9       0x37 hal/src/hal_timer.o
 .ARM.attributes
                0x000002e0       0x37 hal/src/hal_usart_async.o
 .ARM.attributes
                0x00000317       0x37 hal/src/hal_usart_sync.o
 .ARM.attributes
                0x0000034e       0x37 hal/utils/src/utils_list.o
 .ARM.attributes
                0x00000385       0x37 hal/utils/src/utils_ringbuffer.o
 .ARM.attributes
                0x000003bc       0x37 hal/utils/src/utils_syscalls.o
 .ARM.attributes
                0x000003f3       0x37 hpl/core/hpl_core_m4.o
 .ARM.attributes
                0x0000042a       0x37 hpl/core/hpl_init.o
 .ARM.attributes
                0x00000461       0x37 hpl/gclk/hpl_gclk.o
 .ARM.attributes
                0x00000498       0x37 hpl/gmac/hpl_gmac.o
 .ARM.attributes
                0x000004cf       0x37 hpl/mclk/hpl_mclk.o
 .ARM.attributes
                0x00000506       0x37 hpl/osc32kctrl/hpl_osc32kctrl.o
 .ARM.attributes
                0x0000053d       0x37 hpl/oscctrl/hpl_oscctrl.o
 .ARM.attributes
                0x00000574       0x37 hpl/ramecc/hpl_ramecc.o
 .ARM.attributes
                0x000005ab       0x37 hpl/sercom/hpl_sercom.o
 .ARM.attributes
                0x000005e2       0x37 hpl/tc/hpl_tc.o
 .ARM.attributes
                0x00000619       0x37 lwip/lwip-1.4.0/port/ethif_mac.o
 .ARM.attributes
                0x00000650       0x37 lwip/lwip-1.4.0/src/core/def.o
 .ARM.attributes
                0x00000687       0x37 lwip/lwip-1.4.0/src/core/dhcp.o
 .ARM.attributes
                0x000006be       0x37 lwip/lwip-1.4.0/src/core/init.o
 .ARM.attributes
                0x000006f5       0x37 lwip/lwip-1.4.0/src/core/ipv4/icmp.o
 .ARM.attributes
                0x0000072c       0x37 lwip/lwip-1.4.0/src/core/ipv4/inet_chksum.o
 .ARM.attributes
                0x00000763       0x37 lwip/lwip-1.4.0/src/core/ipv4/ip.o
 .ARM.attributes
                0x0000079a       0x37 lwip/lwip-1.4.0/src/core/ipv4/ip_addr.o
 .ARM.attributes
                0x000007d1       0x37 lwip/lwip-1.4.0/src/core/ipv4/ip_frag.o
 .ARM.attributes
                0x00000808       0x37 lwip/lwip-1.4.0/src/core/mem.o
 .ARM.attributes
                0x0000083f       0x37 lwip/lwip-1.4.0/src/core/memp.o
 .ARM.attributes
                0x00000876       0x37 lwip/lwip-1.4.0/src/core/netif.o
 .ARM.attributes
                0x000008ad       0x37 lwip/lwip-1.4.0/src/core/pbuf.o
 .ARM.attributes
                0x000008e4       0x37 lwip/lwip-1.4.0/src/core/raw.o
 .ARM.attributes
                0x0000091b       0x37 lwip/lwip-1.4.0/src/core/tcp.o
 .ARM.attributes
                0x00000952       0x37 lwip/lwip-1.4.0/src/core/tcp_in.o
 .ARM.attributes
                0x00000989       0x37 lwip/lwip-1.4.0/src/core/tcp_out.o
 .ARM.attributes
                0x000009c0       0x37 lwip/lwip-1.4.0/src/core/timers.o
 .ARM.attributes
                0x000009f7       0x37 lwip/lwip-1.4.0/src/core/udp.o
 .ARM.attributes
                0x00000a2e       0x37 lwip/lwip-1.4.0/src/netif/etharp.o
 .ARM.attributes
                0x00000a65       0x37 main.o
 .ARM.attributes
                0x00000a9c       0x37 stdio_redirect/gcc/read.o
 .ARM.attributes
                0x00000ad3       0x37 stdio_redirect/gcc/write.o
 .ARM.attributes
                0x00000b0a       0x37 stdio_redirect/stdio_io.o
 .ARM.attributes
                0x00000b41       0x37 stdio_start.o
 .ARM.attributes
                0x00000b78       0x2e c:/program files (x86)/atmel/studio/7.0/toolchain/arm/arm-gnu-toolchain/bin/../lib/gcc/arm-none-eabi/6.3.1/../../../../arm-none-eabi/lib/thumb/v7e-m\libc_nano.a(lib_a-impure.o)
 .ARM.attributes
                0x00000ba6       0x2e c:/program files (x86)/atmel/studio/7.0/toolchain/arm/arm-gnu-toolchain/bin/../lib/gcc/arm-none-eabi/6.3.1/../../../../arm-none-eabi/lib/thumb/v7e-m\libc_nano.a(lib_a-init.o)
 .ARM.attributes
                0x00000bd4       0x2e c:/program files (x86)/atmel/studio/7.0/toolchain/arm/arm-gnu-toolchain/bin/../lib/gcc/arm-none-eabi/6.3.1/../../../../arm-none-eabi/lib/thumb/v7e-m\libc_nano.a(lib_a-memcmp.o)
 .ARM.attributes
                0x00000c02       0x2e c:/program files (x86)/atmel/studio/7.0/toolchain/arm/arm-gnu-toolchain/bin/../lib/gcc/arm-none-eabi/6.3.1/../../../../arm-none-eabi/lib/thumb/v7e-m\libc_nano.a(lib_a-memcpy-stub.o)
 .ARM.attributes
                0x00000c30       0x2e c:/program files (x86)/atmel/studio/7.0/toolchain/arm/arm-gnu-toolchain/bin/../lib/gcc/arm-none-eabi/6.3.1/../../../../arm-none-eabi/lib/thumb/v7e-m\libc_nano.a(lib_a-memset.o)
 .ARM.attributes
                0x00000c5e       0x2e c:/program files (x86)/atmel/studio/7.0/toolchain/arm/arm-gnu-toolchain/bin/../lib/gcc/arm-none-eabi/6.3.1/../../../../arm-none-eabi/lib/thumb/v7e-m\libc_nano.a(lib_a-printf.o)
 .ARM.attributes
                0x00000c8c       0x2e c:/program files (x86)/atmel/studio/7.0/toolchain/arm/arm-gnu-toolchain/bin/../lib/gcc/arm-none-eabi/6.3.1/../../../../arm-none-eabi/lib/thumb/v7e-m\libc_nano.a(lib_a-puts.o)
 .ARM.attributes
                0x00000cba       0x2e c:/program files (x86)/atmel/studio/7.0/toolchain/arm/arm-gnu-toolchain/bin/../lib/gcc/arm-none-eabi/6.3.1/../../../../arm-none-eabi/lib/thumb/v7e-m\libc_nano.a(lib_a-setbuf.o)
 .ARM.attributes
                0x00000ce8       0x2e c:/program files (x86)/atmel/studio/7.0/toolchain/arm/arm-gnu-toolchain/bin/../lib/gcc/arm-none-eabi/6.3.1/../../../../arm-none-eabi/lib/thumb/v7e-m\libc_nano.a(lib_a-setvbuf.o)
 .ARM.attributes
                0x00000d16       0x2e c:/program files (x86)/atmel/studio/7.0/toolchain/arm/arm-gnu-toolchain/bin/../lib/gcc/arm-none-eabi/6.3.1/../../../../arm-none-eabi/lib/thumb/v7e-m\libc_nano.a(lib_a-strcpy.o)
 .ARM.attributes
                0x00000d44       0x17 c:/program files (x86)/atmel/studio/7.0/toolchain/arm/arm-gnu-toolchain/bin/../lib/gcc/arm-none-eabi/6.3.1/../../../../arm-none-eabi/lib/thumb/v7e-m\libc_nano.a(lib_a-strlen.o)
 .ARM.attributes
                0x00000d5b       0x2e c:/program files (x86)/atmel/studio/7.0/toolchain/arm/arm-gnu-toolchain/bin/../lib/gcc/arm-none-eabi/6.3.1/../../../../arm-none-eabi/lib/thumb/v7e-m\libc_nano.a(lib_a-wbuf.o)
 .ARM.attributes
                0x00000d89       0x2e c:/program files (x86)/atmel/studio/7.0/toolchain/arm/arm-gnu-toolchain/bin/../lib/gcc/arm-none-eabi/6.3.1/../../../../arm-none-eabi/lib/thumb/v7e-m\libc_nano.a(lib_a-wsetup.o)
 .ARM.attributes
                0x00000db7       0x2e c:/program files (x86)/atmel/studio/7.0/toolchain/arm/arm-gnu-toolchain/bin/../lib/gcc/arm-none-eabi/6.3.1/../../../../arm-none-eabi/lib/thumb/v7e-m\libc_nano.a(lib_a-fflush.o)
 .ARM.attributes
                0x00000de5       0x2e c:/program files (x86)/atmel/studio/7.0/toolchain/arm/arm-gnu-toolchain/bin/../lib/gcc/arm-none-eabi/6.3.1/../../../../arm-none-eabi/lib/thumb/v7e-m\libc_nano.a(lib_a-findfp.o)
 .ARM.attributes
                0x00000e13       0x2e c:/program files (x86)/atmel/studio/7.0/toolchain/arm/arm-gnu-toolchain/bin/../lib/gcc/arm-none-eabi/6.3.1/../../../../arm-none-eabi/lib/thumb/v7e-m\libc_nano.a(lib_a-fwalk.o)
 .ARM.attributes
                0x00000e41       0x2e c:/program files (x86)/atmel/studio/7.0/toolchain/arm/arm-gnu-toolchain/bin/../lib/gcc/arm-none-eabi/6.3.1/../../../../arm-none-eabi/lib/thumb/v7e-m\libc_nano.a(lib_a-makebuf.o)
 .ARM.attributes
                0x00000e6f       0x2e c:/program files (x86)/atmel/studio/7.0/toolchain/arm/arm-gnu-toolchain/bin/../lib/gcc/arm-none-eabi/6.3.1/../../../../arm-none-eabi/lib/thumb/v7e-m\libc_nano.a(lib_a-malloc.o)
 .ARM.attributes
                0x00000e9d       0x2e c:/program files (x86)/atmel/studio/7.0/toolchain/arm/arm-gnu-toolchain/bin/../lib/gcc/arm-none-eabi/6.3.1/../../../../arm-none-eabi/lib/thumb/v7e-m\libc_nano.a(lib_a-nano-freer.o)
 .ARM.attributes
                0x00000ecb       0x2e c:/program files (x86)/atmel/studio/7.0/toolchain/arm/arm-gnu-toolchain/bin/../lib/gcc/arm-none-eabi/6.3.1/../../../../arm-none-eabi/lib/thumb/v7e-m\libc_nano.a(lib_a-nano-mallocr.o)
 .ARM.attributes
                0x00000ef9       0x2e c:/program files (x86)/atmel/studio/7.0/toolchain/arm/arm-gnu-toolchain/bin/../lib/gcc/arm-none-eabi/6.3.1/../../../../arm-none-eabi/lib/thumb/v7e-m\libc_nano.a(lib_a-nano-vfprintf.o)
 .ARM.attributes
                0x00000f27       0x2e c:/program files (x86)/atmel/studio/7.0/toolchain/arm/arm-gnu-toolchain/bin/../lib/gcc/arm-none-eabi/6.3.1/../../../../arm-none-eabi/lib/thumb/v7e-m\libc_nano.a(lib_a-nano-vfprintf_i.o)
 .ARM.attributes
                0x00000f55       0x2e c:/program files (x86)/atmel/studio/7.0/toolchain/arm/arm-gnu-toolchain/bin/../lib/gcc/arm-none-eabi/6.3.1/../../../../arm-none-eabi/lib/thumb/v7e-m\libc_nano.a(lib_a-sbrkr.o)
 .ARM.attributes
                0x00000f83       0x2e c:/program files (x86)/atmel/studio/7.0/toolchain/arm/arm-gnu-toolchain/bin/../lib/gcc/arm-none-eabi/6.3.1/../../../../arm-none-eabi/lib/thumb/v7e-m\libc_nano.a(lib_a-stdio.o)
 .ARM.attributes
                0x00000fb1       0x2e c:/program files (x86)/atmel/studio/7.0/toolchain/arm/arm-gnu-toolchain/bin/../lib/gcc/arm-none-eabi/6.3.1/../../../../arm-none-eabi/lib/thumb/v7e-m\libc_nano.a(lib_a-writer.o)
 .ARM.attributes
                0x00000fdf       0x2e c:/program files (x86)/atmel/studio/7.0/toolchain/arm/arm-gnu-toolchain/bin/../lib/gcc/arm-none-eabi/6.3.1/../../../../arm-none-eabi/lib/thumb/v7e-m\libc_nano.a(lib_a-closer.o)
 .ARM.attributes
                0x0000100d       0x2e c:/program files (x86)/atmel/studio/7.0/toolchain/arm/arm-gnu-toolchain/bin/../lib/gcc/arm-none-eabi/6.3.1/../../../../arm-none-eabi/lib/thumb/v7e-m\libc_nano.a(lib_a-fstatr.o)
 .ARM.attributes
                0x0000103b       0x2e c:/program files (x86)/atmel/studio/7.0/toolchain/arm/arm-gnu-toolchain/bin/../lib/gcc/arm-none-eabi/6.3.1/../../../../arm-none-eabi/lib/thumb/v7e-m\libc_nano.a(lib_a-isattyr.o)
 .ARM.attributes
                0x00001069       0x2e c:/program files (x86)/atmel/studio/7.0/toolchain/arm/arm-gnu-toolchain/bin/../lib/gcc/arm-none-eabi/6.3.1/../../../../arm-none-eabi/lib/thumb/v7e-m\libc_nano.a(lib_a-lseekr.o)
 .ARM.attributes
                0x00001097       0x1c c:/program files (x86)/atmel/studio/7.0/toolchain/arm/arm-gnu-toolchain/bin/../lib/gcc/arm-none-eabi/6.3.1/../../../../arm-none-eabi/lib/thumb/v7e-m\libc_nano.a(lib_a-memchr.o)
 .ARM.attributes